Component: Arm Compiler for Embedded 6.23 Tool: armlink [5f102400]

==============================================================================

Section Cross References

    startup_stm32f103xb.o(STACK) refers (Special) to heapauxi.o(.text) for __use_two_region_memory
    startup_stm32f103xb.o(HEAP) refers (Special) to heapauxi.o(.text) for __use_two_region_memory
    startup_stm32f103xb.o(RESET) refers (Special) to heapauxi.o(.text) for __use_two_region_memory
    startup_stm32f103xb.o(RESET) refers to startup_stm32f103xb.o(STACK) for __initial_sp
    startup_stm32f103xb.o(RESET) refers to startup_stm32f103xb.o(.text) for Reset_Handler
    startup_stm32f103xb.o(RESET) refers to stm32f1xx_it.o(.text.NMI_Handler) for NMI_Handler
    startup_stm32f103xb.o(RESET) refers to stm32f1xx_it.o(.text.HardFault_Handler) for HardFault_Handler
    startup_stm32f103xb.o(RESET) refers to stm32f1xx_it.o(.text.MemManage_Handler) for MemManage_Handler
    startup_stm32f103xb.o(RESET) refers to stm32f1xx_it.o(.text.BusFault_Handler) for BusFault_Handler
    startup_stm32f103xb.o(RESET) refers to stm32f1xx_it.o(.text.UsageFault_Handler) for UsageFault_Handler
    startup_stm32f103xb.o(RESET) refers to stm32f1xx_it.o(.text.SVC_Handler) for SVC_Handler
    startup_stm32f103xb.o(RESET) refers to stm32f1xx_it.o(.text.DebugMon_Handler) for DebugMon_Handler
    startup_stm32f103xb.o(RESET) refers to stm32f1xx_it.o(.text.PendSV_Handler) for PendSV_Handler
    startup_stm32f103xb.o(RESET) refers to stm32f1xx_it.o(.text.SysTick_Handler) for SysTick_Handler
    startup_stm32f103xb.o(.text) refers (Special) to heapauxi.o(.text) for __use_two_region_memory
    startup_stm32f103xb.o(.text) refers to system_stm32f1xx.o(.text.SystemInit) for SystemInit
    startup_stm32f103xb.o(.text) refers to __main.o(!!!main) for __main
    startup_stm32f103xb.o(.text) refers to startup_stm32f103xb.o(HEAP) for Heap_Mem
    startup_stm32f103xb.o(.text) refers to startup_stm32f103xb.o(STACK) for Stack_Mem
    i2c-lcd.o(.text.lcd_send_cmd) refers to main.o(.bss.hi2c1) for hi2c1
    i2c-lcd.o(.text.lcd_send_cmd) refers to stm32f1xx_hal_i2c.o(.text.HAL_I2C_Master_Transmit) for HAL_I2C_Master_Transmit
    i2c-lcd.o(.ARM.exidx.text.lcd_send_cmd) refers to i2c-lcd.o(.text.lcd_send_cmd) for [Anonymous Symbol]
    i2c-lcd.o(.text.lcd_send_data) refers to main.o(.bss.hi2c1) for hi2c1
    i2c-lcd.o(.text.lcd_send_data) refers to stm32f1xx_hal_i2c.o(.text.HAL_I2C_Master_Transmit) for HAL_I2C_Master_Transmit
    i2c-lcd.o(.ARM.exidx.text.lcd_send_data) refers to i2c-lcd.o(.text.lcd_send_data) for [Anonymous Symbol]
    i2c-lcd.o(.text.lcd_clear) refers to main.o(.bss.hi2c1) for hi2c1
    i2c-lcd.o(.text.lcd_clear) refers to stm32f1xx_hal_i2c.o(.text.HAL_I2C_Master_Transmit) for HAL_I2C_Master_Transmit
    i2c-lcd.o(.ARM.exidx.text.lcd_clear) refers to i2c-lcd.o(.text.lcd_clear) for [Anonymous Symbol]
    i2c-lcd.o(.text.lcd_put_cur) refers to main.o(.bss.hi2c1) for hi2c1
    i2c-lcd.o(.text.lcd_put_cur) refers to stm32f1xx_hal_i2c.o(.text.HAL_I2C_Master_Transmit) for HAL_I2C_Master_Transmit
    i2c-lcd.o(.ARM.exidx.text.lcd_put_cur) refers to i2c-lcd.o(.text.lcd_put_cur) for [Anonymous Symbol]
    i2c-lcd.o(.text.lcd_init) refers to stm32f1xx_hal.o(.text.HAL_Delay) for HAL_Delay
    i2c-lcd.o(.text.lcd_init) refers to main.o(.bss.hi2c1) for hi2c1
    i2c-lcd.o(.text.lcd_init) refers to stm32f1xx_hal_i2c.o(.text.HAL_I2C_Master_Transmit) for HAL_I2C_Master_Transmit
    i2c-lcd.o(.ARM.exidx.text.lcd_init) refers to i2c-lcd.o(.text.lcd_init) for [Anonymous Symbol]
    i2c-lcd.o(.text.lcd_send_string) refers to main.o(.bss.hi2c1) for hi2c1
    i2c-lcd.o(.text.lcd_send_string) refers to stm32f1xx_hal_i2c.o(.text.HAL_I2C_Master_Transmit) for HAL_I2C_Master_Transmit
    i2c-lcd.o(.ARM.exidx.text.lcd_send_string) refers to i2c-lcd.o(.text.lcd_send_string) for [Anonymous Symbol]
    main.o(.text) refers (Special) to _printf_percent.o(.ARM.Collect$$_printf_percent$$00000000) for _printf_percent
    main.o(.text) refers (Special) to _printf_d.o(.ARM.Collect$$_printf_percent$$00000009) for _printf_d
    main.o(.text) refers (Special) to _printf_dec.o(.text) for _printf_int_dec
    main.o(.text.ADC_Select_CH0) refers (Special) to _printf_percent.o(.ARM.Collect$$_printf_percent$$00000000) for _printf_percent
    main.o(.text.ADC_Select_CH0) refers (Special) to _printf_d.o(.ARM.Collect$$_printf_percent$$00000009) for _printf_d
    main.o(.text.ADC_Select_CH0) refers (Special) to _printf_dec.o(.text) for _printf_int_dec
    main.o(.text.ADC_Select_CH0) refers to main.o(.bss..L_MergedGlobals) for .L_MergedGlobals
    main.o(.text.ADC_Select_CH0) refers to stm32f1xx_hal_adc.o(.text.HAL_ADC_ConfigChannel) for HAL_ADC_ConfigChannel
    main.o(.ARM.exidx.text.ADC_Select_CH0) refers (Special) to _printf_percent.o(.ARM.Collect$$_printf_percent$$00000000) for _printf_percent
[...]

    Local Symbols

    Symbol Name                              Value     Ov Type        Size  Object(Section)

    ../clib/angel/boardlib.s                 0x00000000   Number         0  boardinit1.o ABSOLUTE
    ../clib/angel/boardlib.s                 0x00000000   Number         0  boardinit2.o ABSOLUTE
    ../clib/angel/boardlib.s                 0x00000000   Number         0  boardinit3.o ABSOLUTE
    ../clib/angel/boardlib.s                 0x00000000   Number         0  boardshut.o ABSOLUTE
    ../clib/angel/handlers.s                 0x00000000   Number         0  __scatter_copy.o ABSOLUTE
    ../clib/angel/handlers.s                 0x00000000   Number         0  __scatter_zi.o ABSOLUTE
    ../clib/angel/kernel.s                   0x00000000   Number         0  __rtentry.o ABSOLUTE
    ../clib/angel/kernel.s                   0x00000000   Number         0  __rtentry2.o ABSOLUTE
    ../clib/angel/kernel.s                   0x00000000   Number         0  __rtentry4.o ABSOLUTE
    ../clib/angel/kernel.s                   0x00000000   Number         0  rtexit.o ABSOLUTE
    ../clib/angel/kernel.s                   0x00000000   Number         0  rtexit2.o ABSOLUTE
    ../clib/angel/rt.s                       0x00000000   Number         0  rt_errno_addr.o ABSOLUTE
    ../clib/angel/rt.s                       0x00000000   Number         0  rt_errno_addr_intlibspace.o ABSOLUTE
    ../clib/angel/rt.s                       0x00000000   Number         0  rt_raise.o ABSOLUTE
    ../clib/angel/scatter.s                  0x00000000   Number         0  __scatter.o ABSOLUTE
    ../clib/angel/startup.s                  0x00000000   Number         0  __main.o ABSOLUTE
    ../clib/angel/sys.s                      0x00000000   Number         0  libspace.o ABSOLUTE
    ../clib/angel/sys.s                      0x00000000   Number         0  sys_stackheap_outer.o ABSOLUTE
    ../clib/angel/sys.s                      0x00000000   Number         0  use_no_semi.o ABSOLUTE
    ../clib/angel/sys.s                      0x00000000   Number         0  indicate_semi.o ABSOLUTE
    ../clib/angel/sysapp.c                   0x00000000   Number         0  sys_exit.o ABSOLUTE
    ../clib/angel/sysapp.c                   0x00000000   Number         0  sys_exit_hlt.o ABSOLUTE
    ../clib/angel/sysapp.c                   0x00000000   Number         0  sys_command.o ABSOLUTE
    ../clib/angel/sysapp.c                   0x00000000   Number         0  sys_command_hlt.o ABSOLUTE
    ../clib/angel/sysapp.c                   0x00000000   Number         0  sys_wrch.o ABSOLUTE
    ../clib/angel/sysapp.c                   0x00000000   Number         0  sys_wrch_hlt.o ABSOLUTE
    ../clib/armsys.c                         0x00000000   Number         0  argv_veneer.o ABSOLUTE
    ../clib/armsys.c                         0x00000000   Number         0  argv_veneer.o ABSOLUTE
    ../clib/armsys.c                         0x00000000   Number         0  _get_argv_nomalloc.o ABSOLUTE
    ../clib/armsys.c                         0x00000000   Number         0  no_argv.o ABSOLUTE
    ../clib/fenv.c                           0x00000000   Number         0  _rserrno.o ABSOLUTE
    ../clib/heapalloc.c                      0x00000000   Number         0  hrguard.o ABSOLUTE
    ../clib/heapaux.c                        0x00000000   Number         0  heapauxi.o ABSOLUTE
    ../clib/libinit.s                        0x00000000   Number         0  libinit.o ABSOLUTE
    ../clib/libinit.s                        0x00000000   Number         0  libinit2.o ABSOLUTE
    ../clib/libinit.s                        0x00000000   Number         0  libshutdown.o ABSOLUTE
    ../clib/libinit.s                        0x00000000   Number         0  libshutdown2.o ABSOLUTE
    ../clib/memcpset.s                       0x00000000   Number         0  rt_memclr_w.o ABSOLUTE
    ../clib/printf.c                         0x00000000   Number         0  __2sprintf.o ABSOLUTE
    ../clib/printf.c                         0x00000000   Number         0  noretval__2sprintf.o ABSOLUTE
    ../clib/printf.c                         0x00000000   Number         0  __printf.o ABSOLUTE
    ../clib/printf.c                         0x00000000   Number         0  _printf_dec.o ABSOLUTE
    ../clib/printf.c                         0x00000000   Number         0  __printf_flags.o ABSOLUTE
    ../clib/printf.c                         0x00000000   Number         0  __printf_ss.o ABSOLUTE
    ../clib/printf.c                         0x00000000   Number         0  __printf_flags_ss.o ABSOLUTE
    ../clib/printf.c                         0x00000000   Number         0  __printf_wp.o ABSOLUTE
    ../clib/printf.c                         0x00000000   Number         0  __printf_flags_wp.o ABSOLUTE
    ../clib/printf.c                         0x00000000   Number         0  __printf_ss_wp.o ABSOLUTE
    ../clib/printf.c                         0x00000000   Number         0  __printf_flags_ss_wp.o ABSOLUTE
    ../clib/printf.c                         0x00000000   Number         0  _printf_intcommon.o ABSOLUTE
    ../clib/printf.c                         0x00000000   Number         0  _printf_char_common.o ABSOLUTE
    ../clib/printf.c                         0x00000000   Number         0  _sputc.o ABSOLUTE
    ../clib/printf.c                         0x00000000   Number         0  __printf_nopercent.o ABSOLUTE
    ../clib/printf_percent.s                 0x00000000   Number         0  _printf_d.o ABSOLUTE
    ../clib/printf_percent.s                 0x00000000   Number         0  _printf_percent.o ABSOLUTE
    ../clib/printf_percent.s                 0x00000000   Number         0  _printf_percent_end.o ABSOLUTE
    ../clib/signal.c                         0x00000000   Number         0  defsig_rtmem_outer.o ABSOLUTE
    ../clib/signal.c                         0x00000000   Number         0  defsig_rtmem_formal.o ABSOLUTE
    ../clib/signal.c                         0x00000000   Number         0  defsig_exit.o ABSOLUTE
    ../clib/signal.c                         0x00000000   Number         0  defsig_rtmem_inner.o ABSOLUTE
    ../clib/signal.c                         0x00000000   Number         0  __raise.o ABSOLUTE
    ../clib/signal.c                         0x00000000   Number         0  defsig_general.o ABSOLUTE
    ../clib/signal.c                         0x00000000   Number         0  defsig_abrt_inner.o ABSOLUTE
    ../clib/signal.c                         0x00000000   Number         0  defsig_fpe_inner.o ABSOLUTE
    ../clib/signal.c                         0x00000000   Number         0  defsig_rtred_inner.o ABSOLUTE
    ../clib/signal.c                         0x00000000   Number         0  defsig_stak_inner.o ABSOLUTE
    ../clib/signal.c                         0x00000000   Number         0  defsig_pvfn_inner.o ABSOLUTE
    ../clib/signal.c                         0x00000000   Number         0  defsig_cppl_inner.o ABSOLUTE
    ../clib/signal.c                         0x00000000   Number         0  defsig_segv_inner.o ABSOLUTE
    ../clib/signal.c                         0x00000000   Number         0  defsig_other.o ABSOLUTE
    ../clib/signal.s                         0x00000000   Number         0  defsig.o ABSOLUTE
    ../clib/stdlib.c                         0x00000000   Number         0  exit.o ABSOLUTE
    ../fplib/d2f.s                           0x00000000   Number         0  d2f.o ABSOLUTE
    ../fplib/daddsub.s                       0x00000000   Number         0  daddsub_clz.o ABSOLUTE
    ../fplib/ddiv.s                          0x00000000   Number         0  ddiv.o ABSOLUTE
    ../fplib/dflt.s                          0x00000000   Number         0  dflt_clz.o ABSOLUTE
    ../fplib/dmul.s                          0x00000000   Number         0  dmul.o ABSOLUTE
    ../fplib/dnaninf.s                       0x00000000   Number         0  dnaninf.o ABSOLUTE
    ../fplib/dretinf.s                       0x00000000   Number         0  dretinf.o ABSOLUTE
    ../fplib/f2d.s                           0x00000000   Number         0  f2d.o ABSOLUTE
    ../fplib/faddsub.s                       0x00000000   Number         0  faddsub_clz.o ABSOLUTE
    ../fplib/fcmp.s                          0x00000000   Number         0  fcmp.o ABSOLUTE
    ../fplib/fcmpi.s                         0x00000000   Number         0  fcmpi.o ABSOLUTE
    ../fplib/fdiv.s                          0x00000000   Number         0  fdiv.o ABSOLUTE
    ../fplib/feqf.s                          0x00000000   Number         0  feqf.o ABSOLUTE
    ../fplib/ffixu.s                         0x00000000   Number         0  ffixu.o ABSOLUTE
    ../fplib/fflt.s                          0x00000000   Number         0  fflt_clz.o ABSOLUTE
    ../fplib/fgeqf.s                         0x00000000   Number         0  fgeqf.o ABSOLUTE
    ../fplib/fleqf.s                         0x00000000   Number         0  fleqf.o ABSOLUTE
    ../fplib/fmul.s                          0x00000000   Number         0  fmul.o ABSOLUTE
    ../fplib/fnaninf.s                       0x00000000   Number         0  fnaninf.o ABSOLUTE
    ../fplib/fpinit.s                        0x00000000   Number         0  fpinit.o ABSOLUTE
    ../fplib/fpinit_empty.s                  0x00000000   Number         0  fpinit_empty.o ABSOLUTE
    ../fplib/fretinf.s                       0x00000000   Number         0  fretinf.o ABSOLUTE
    ../fplib/fsqrt.s                         0x00000000   Number         0  fsqrt.o ABSOLUTE
    ../fplib/usenofp.s                       0x00000000   Number         0  usenofp.o ABSOLUTE
    ../mathlib/sqrtf.c                       0x00000000   Number         0  sqrtf.o ABSOLUTE
    dc.s                                     0x00000000   Number         0  dc.o ABSOLUTE
    i2c-lcd.c                                0x00000000   Number         0  i2c-lcd.o ABSOLUTE
    main.c                                   0x00000000   Number         0  main.o ABSOLUTE
    startup_stm32f103xb.s                    0x00000000   Number         0  startup_stm32f103xb.o ABSOLUTE
    stm32f1xx_hal.c                          0x00000000   Number         0  stm32f1xx_hal.o ABSOLUTE
    stm32f1xx_hal_adc.c                      0x00000000   Number         0  stm32f1xx_hal_adc.o ABSOLUTE
    stm32f1xx_hal_adc_ex.c                   0x00000000   Number         0  stm32f1xx_hal_adc_ex.o ABSOLUTE
    stm32f1xx_hal_cortex.c                   0x00000000   Number         0  stm32f1xx_hal_cortex.o ABSOLUTE
    stm32f1xx_hal_dma.c                      0x00000000   Number         0  stm32f1xx_hal_dma.o ABSOLUTE
    stm32f1xx_hal_exti.c                     0x00000000   Number         0  stm32f1xx_hal_exti.o ABSOLUTE
    stm32f1xx_hal_flash.c                    0x00000000   Number         0  stm32f1xx_hal_flash.o ABSOLUTE
    stm32f1xx_hal_flash_ex.c                 0x00000000   Number         0  stm32f1xx_hal_flash_ex.o ABSOLUTE
    stm32f1xx_hal_gpio.c                     0x00000000   Number         0  stm32f1xx_hal_gpio.o ABSOLUTE
    stm32f1xx_hal_gpio_ex.c                  0x00000000   Number         0  stm32f1xx_hal_gpio_ex.o ABSOLUTE
    stm32f1xx_hal_i2c.c                      0x00000000   Number         0  stm32f1xx_hal_i2c.o ABSOLUTE
    stm32f1xx_hal_msp.c                      0x00000000   Number         0  stm32f1xx_hal_msp.o ABSOLUTE
    stm32f1xx_hal_pwr.c                      0x00000000   Number         0  stm32f1xx_hal_pwr.o ABSOLUTE
    stm32f1xx_hal_rcc.c                      0x00000000   Number         0  stm32f1xx_hal_rcc.o ABSOLUTE
    stm32f1xx_hal_rcc_ex.c                   0x00000000   Number         0  stm32f1xx_hal_rcc_ex.o ABSOLUTE
    stm32f1xx_hal_tim.c                      0x00000000   Number         0  stm32f1xx_hal_tim.o ABSOLUTE
    stm32f1xx_hal_tim_ex.c                   0x00000000   Number         0  stm32f1xx_hal_tim_ex.o ABSOLUTE
    stm32f1xx_it.c                           0x00000000   Number         0  stm32f1xx_it.o ABSOLUTE
    system_stm32f1xx.c                       0x00000000   Number         0  system_stm32f1xx.o ABSOLUTE
    RESET                                    0x08000000   Section      236  startup_stm32f103xb.o(RESET)
    !!!main                                  0x080000ec   Section        8  __main.o(!!!main)
    !!!scatter                               0x080000f4   Section       92  __scatter.o(!!!scatter)
    !!handler_copy                           0x08000150   Section       26  __scatter_copy.o(!!handler_copy)
    !!handler_null                           0x0800016c   Section        2  __scatter.o(!!handler_null)
    !!handler_zi                             0x08000170   Section       28  __scatter_zi.o(!!handler_zi)
    .ARM.Collect$$_printf_percent$$00000000  0x0800018c   Section        0  _printf_percent.o(.ARM.Collect$$_printf_percent$$00000000)
    .ARM.Collect$$_printf_percent$$00000009  0x0800018c   Section        6  _printf_d.o(.ARM.Collect$$_printf_percent$$00000009)
    .ARM.Collect$$_printf_percent$$00000017  0x08000192   Section        4  _printf_percent_end.o(.ARM.Collect$$_printf_percent$$00000017)
    .ARM.Collect$$libinit$$00000000          0x08000196   Section        2  libinit.o(.ARM.Collect$$libinit$$00000000)
    .ARM.Collect$$libinit$$00000002          0x08000198   Section        0  libinit2.o(.ARM.Collect$$libinit$$00000002)
    .ARM.Collect$$libinit$$00000004          0x08000198   Section        0  libinit2.o(.ARM.Collect$$libinit$$00000004)
    .ARM.Collect$$libinit$$00000006          0x08000198   Section        0  libinit2.o(.ARM.Collect$$libinit$$00000006)
    .ARM.Collect$$libinit$$0000000C          0x08000198   Section        0  libinit2.o(.ARM.Collect$$libinit$$0000000C)
    .ARM.Collect$$libinit$$0000000E          0x08000198   Section        0  libinit2.o(.ARM.Collect$$libinit$$0000000E)
    .ARM.Collect$$libinit$$00000010          0x08000198   Section        0  libinit2.o(.ARM.Collect$$libinit$$00000010)
    .ARM.Collect$$libinit$$00000013          0x08000198   Section        0  libinit2.o(.ARM.Collect$$libinit$$00000013)
    .ARM.Collect$$libinit$$00000015          0x08000198   Section        0  libinit2.o(.ARM.Collect$$libinit$$00000015)
    .ARM.Collect$$libinit$$00000017          0x08000198   Section        0  libinit2.o(.ARM.Collect$$libinit$$00000017)
    .ARM.Collect$$libinit$$00000019          0x08000198   Section        0  libinit2.o(.ARM.Collect$$libinit$$00000019)
    .ARM.Collect$$libinit$$0000001B          0x08000198   Section        0  libinit2.o(.ARM.Collect$$libinit$$0000001B)
    .ARM.Collect$$libinit$$0000001D          0x08000198   Section        0  libinit2.o(.ARM.Collect$$libinit$$0000001D)
    .ARM.Collect$$libinit$$0000001F          0x08000198   Section        0  libinit2.o(.ARM.Collect$$libinit$$0000001F)
    .ARM.Collect$$libinit$$00000021          0x08000198   Section        0  libinit2.o(.ARM.Collect$$libinit$$00000021)
    .ARM.Collect$$libinit$$00000023          0x08000198   Section        0  libinit2.o(.ARM.Collect$$libinit$$00000023)
    .ARM.Collect$$libinit$$00000025          0x08000198   Section        0  libinit2.o(.ARM.Collect$$libinit$$00000025)
    .ARM.Collect$$libinit$$00000027          0x08000198   Section        0  libinit2.o(.ARM.Collect$$libinit$$00000027)
    .ARM.Collect$$libinit$$0000002E          0x08000198   Section        0  libinit2.o(.ARM.Collect$$libinit$$0000002E)
    .ARM.Collect$$libinit$$00000030          0x08000198   Section        0  libinit2.o(.ARM.Collect$$libinit$$00000030)
    .ARM.Collect$$libinit$$00000032          0x08000198   Section        0  libinit2.o(.ARM.Collect$$libinit$$00000032)
    .ARM.Collect$$libinit$$00000034          0x08000198   Section        0  libinit2.o(.ARM.Collect$$libinit$$00000034)
    .ARM.Collect$$libinit$$00000035          0x08000198   Section        2  libinit2.o(.ARM.Collect$$libinit$$00000035)
    .ARM.Collect$$libshutdown$$00000000      0x0800019a   Section        2  libshutdown.o(.ARM.Collect$$libshutdown$$00000000)
    .ARM.Collect$$libshutdown$$00000002      0x0800019c   Section        0  libshutdown2.o(.ARM.Collect$$libshutdown$$00000002)
    .ARM.Collect$$libshutdown$$00000004      0x0800019c   Section        0  libshutdown2.o(.ARM.Collect$$libshutdown$$00000004)
    .ARM.Collect$$libshutdown$$00000007      0x0800019c   Section        0  libshutdown2.o(.ARM.Collect$$libshutdown$$00000007)
    .ARM.Collect$$libshutdown$$0000000A      0x0800019c   Section        0  libshutdown2.o(.ARM.Collect$$libshutdown$$0000000A)
    .ARM.Collect$$libshutdown$$0000000C      0x0800019c   Section        0  libshutdown2.o(.ARM.Collect$$libshutdown$$0000000C)
    .ARM.Collect$$libshutdown$$0000000F      0x0800019c   Section        0  libshutdown2.o(.ARM.Collect$$libshutdown$$0000000F)
    .ARM.Collect$$libshutdown$$00000010      0x0800019c   Section        2  libshutdown2.o(.ARM.Collect$$libshutdown$$00000010)
    .ARM.Collect$$rtentry$$00000000          0x0800019e   Section        0  __rtentry.o(.ARM.Collect$$rtentry$$00000000)
    .ARM.Collect$$rtentry$$00000002          0x0800019e   Section        0  __rtentry2.o(.ARM.Collect$$rtentry$$00000002)
    .ARM.Collect$$rtentry$$00000004          0x0800019e   Section        6  __rtentry4.o(.ARM.Collect$$rtentry$$00000004)
    .ARM.Collect$$rtentry$$00000009          0x080001a4   Section        0  __rtentry2.o(.ARM.Collect$$rtentry$$00000009)
    .ARM.Collect$$rtentry$$0000000A          0x080001a4   Section        4  __rtentry2.o(.ARM.Collect$$rtentry$$0000000A)
    .ARM.Collect$$rtentry$$0000000C          0x080001a8   Section        0  __rtentry2.o(.ARM.Collect$$rtentry$$0000000C)
    .ARM.Collect$$rtentry$$0000000D          0x080001a8   Section        8  __rtentry2.o(.ARM.Collect$$rtentry$$0000000D)
    .ARM.Collect$$rtexit$$00000000           0x080001b0   Section        2  rtexit.o(.ARM.Collect$$rtexit$$00000000)
    .ARM.Collect$$rtexit$$00000002           0x080001b2   Section        0  rtexit2.o(.ARM.Collect$$rtexit$$00000002)
    .ARM.Collect$$rtexit$$00000003           0x080001b2   Section        4  rtexit2.o(.ARM.Collect$$rtexit$$00000003)
    .ARM.Collect$$rtexit$$00000004           0x080001b6   Section        6  rtexit2.o(.ARM.Collect$$rtexit$$00000004)
    .text                                    0x080001bc   Section       64  startup_stm32f103xb.o(.text)
    .text                                    0x080001fc   Section        0  noretval__2sprintf.o(.text)
    .text                                    0x08000224   Section        0  __printf.o(.text)
    .text                                    0x0800028c   Section        0  _printf_dec.o(.text)
    .text                                    0x08000304   Section        0  heapauxi.o(.text)
    .text                                    0x0800030a   Section        0  _rserrno.o(.text)
    .text                                    0x08000320   Section        0  _printf_intcommon.o(.text)
    _printf_input_char                       0x080003d5   Thumb Code    10  _printf_char_common.o(.text)
    .text                                    0x080003d4   Section        0  _printf_char_common.o(.text)
    .text                                    0x08000404   Section        0  _sputc.o(.text)
    .text                                    0x08000410   Section        8  rt_errno_addr_intlibspace.o(.text)
    .text                                    0x08000418   Section        8  libspace.o(.text)
    .text                                    0x08000420   Section       74  sys_stackheap_outer.o(.text)
    .text                                    0x0800046a   Section        0  exit.o(.text)
    .text                                    0x0800047c   Section        0  sys_exit.o(.text)
    .text                                    0x08000488   Section        2  use_no_semi.o(.text)
    .text                                    0x0800048a   Section        0  indicate_semi.o(.text)
    [Anonymous Symbol]                       0x0800048c   Section        0  stm32f1xx_hal_adc.o(.text.ADC_Enable)
    [Anonymous Symbol]                       0x0800053c   Section        0  stm32f1xx_it.o(.text.BusFault_Handler)
    [Anonymous Symbol]                       0x08000540   Section        0  stm32f1xx_it.o(.text.DebugMon_Handler)
    [Anonymous Symbol]                       0x08000544   Section        0  stm32f1xx_hal_adc.o(.text.HAL_ADC_ConfigChannel)
    [Anonymous Symbol]                       0x08000684   Section        0  stm32f1xx_hal_adc.o(.text.HAL_ADC_GetValue)
    [Anonymous Symbol]                       0x0800068c   Section        0  stm32f1xx_hal_adc.o(.text.HAL_ADC_Init)
    [Anonymous Symbol]                       0x080007e4   Section        0  stm32f1xx_hal_msp.o(.text.HAL_ADC_MspInit)
    [Anonymous Symbol]                       0x08000870   Section        0  stm32f1xx_hal_adc.o(.text.HAL_ADC_PollForConversion)
    [Anonymous Symbol]                       0x08000ae0   Section        0  stm32f1xx_hal_adc.o(.text.HAL_ADC_Start)
    [Anonymous Symbol]                       0x08000bb0   Section        0  stm32f1xx_hal_adc.o(.text.HAL_ADC_Stop)
    [Anonymous Symbol]                       0x08000c30   Section        0  stm32f1xx_hal.o(.text.HAL_Delay)
    [Anonymous Symbol]                       0x08000c58   Section        0  stm32f1xx_hal_gpio.o(.text.HAL_GPIO_Init)
    [Anonymous Symbol]                       0x08000e68   Section        0  stm32f1xx_hal_gpio.o(.text.HAL_GPIO_ReadPin)
    [Anonymous Symbol]                       0x08000e74   Section        0  stm32f1xx_hal_gpio.o(.text.HAL_GPIO_WritePin)
    [Anonymous Symbol]                       0x08000e80   Section        0  stm32f1xx_hal.o(.text.HAL_GetTick)
    [Anonymous Symbol]                       0x08000e8c   Section        0  stm32f1xx_hal_i2c.o(.text.HAL_I2C_Init)
    [Anonymous Symbol]                       0x08000ff0   Section        0  stm32f1xx_hal_i2c.o(.text.HAL_I2C_Master_Transmit)
    [Anonymous Symbol]                       0x080011cc   Section        0  stm32f1xx_hal_msp.o(.text.HAL_I2C_MspInit)
    [Anonymous Symbol]                       0x08001238   Section        0  stm32f1xx_hal.o(.text.HAL_IncTick)
    [Anonymous Symbol]                       0x08001254   Section        0  stm32f1xx_hal.o(.text.HAL_Init)
    [Anonymous Symbol]                       0x0800127c   Section        0  stm32f1xx_hal.o(.text.HAL_InitTick)
    [Anonymous Symbol]                       0x080012c4   Section        0  stm32f1xx_hal_msp.o(.text.HAL_MspInit)
    [Anonymous Symbol]                       0x08001308   Section        0  stm32f1xx_hal_cortex.o(.text.HAL_NVIC_SetPriority)
    [Anonymous Symbol]                       0x08001360   Section        0  stm32f1xx_hal_cortex.o(.text.HAL_NVIC_SetPriorityGrouping)
    [Anonymous Symbol]                       0x08001380   Section        0  stm32f1xx_hal_rcc_ex.o(.text.HAL_RCCEx_GetPeriphCLKFreq)
    HAL_RCCEx_GetPeriphCLKFreq.aPLLMULFactorTable 0x08001464   Number         0  stm32f1xx_hal_rcc_ex.o(.text.HAL_RCCEx_GetPeriphCLKFreq)
    HAL_RCCEx_GetPeriphCLKFreq.aPredivFactorTable 0x08001474   Number         0  stm32f1xx_hal_rcc_ex.o(.text.HAL_RCCEx_GetPeriphCLKFreq)
    [Anonymous Symbol]                       0x08001478   Section        0  stm32f1xx_hal_rcc_ex.o(.text.HAL_RCCEx_PeriphCLKConfig)
    [Anonymous Symbol]                       0x0800157c   Section        0  stm32f1xx_hal_rcc.o(.text.HAL_RCC_ClockConfig)
    [Anonymous Symbol]                       0x08001738   Section        0  stm32f1xx_hal_rcc.o(.text.HAL_RCC_GetPCLK1Freq)
    [Anonymous Symbol]                       0x08001760   Section        0  stm32f1xx_hal_rcc.o(.text.HAL_RCC_GetPCLK2Freq)
    [Anonymous Symbol]                       0x08001788   Section        0  stm32f1xx_hal_rcc.o(.text.HAL_RCC_OscConfig)
    [Anonymous Symbol]                       0x08001b88   Section        0  stm32f1xx_hal_cortex.o(.text.HAL_SYSTICK_Config)
    [Anonymous Symbol]                       0x08001bb4   Section        0  stm32f1xx_hal_tim_ex.o(.text.HAL_TIMEx_MasterConfigSynchronization)
    [Anonymous Symbol]                       0x08001c34   Section        0  stm32f1xx_hal_tim.o(.text.HAL_TIM_Base_Init)
    [Anonymous Symbol]                       0x08001d30   Section        0  stm32f1xx_hal_msp.o(.text.HAL_TIM_Base_MspInit)
    [Anonymous Symbol]                       0x08001d84   Section        0  stm32f1xx_hal_tim.o(.text.HAL_TIM_ConfigClockSource)
    [Anonymous Symbol]                       0x08001f24   Section        0  stm32f1xx_hal_msp.o(.text.HAL_TIM_MspPostInit)
    [Anonymous Symbol]                       0x08002028   Section        0  stm32f1xx_hal_tim.o(.text.HAL_TIM_PWM_ConfigChannel)
    [Anonymous Symbol]                       0x0800222c   Section        0  stm32f1xx_hal_tim.o(.text.HAL_TIM_PWM_Init)
    [Anonymous Symbol]                       0x08002328   Section        0  stm32f1xx_hal_msp.o(.text.HAL_TIM_PWM_MspInit)
    [Anonymous Symbol]                       0x08002358   Section        0  stm32f1xx_hal_tim.o(.text.HAL_TIM_PWM_Start)
    [Anonymous Symbol]                       0x08002434   Section        0  stm32f1xx_it.o(.text.HardFault_Handler)
    I2C_WaitOnBTFFlagUntilTimeout            0x08002439   Thumb Code   186  stm32f1xx_hal_i2c.o(.text.I2C_WaitOnBTFFlagUntilTimeout)
    [Anonymous Symbol]                       0x08002438   Section        0  stm32f1xx_hal_i2c.o(.text.I2C_WaitOnBTFFlagUntilTimeout)
    I2C_WaitOnFlagUntilTimeout               0x080024f5   Thumb Code   458  stm32f1xx_hal_i2c.o(.text.I2C_WaitOnFlagUntilTimeout)
    [Anonymous Symbol]                       0x080024f4   Section        0  stm32f1xx_hal_i2c.o(.text.I2C_WaitOnFlagUntilTimeout)
    I2C_WaitOnMasterAddressFlagUntilTimeout  0x080026c1   Thumb Code   214  stm32f1xx_hal_i2c.o(.text.I2C_WaitOnMasterAddressFlagUntilTimeout)
    [Anonymous Symbol]                       0x080026c0   Section        0  stm32f1xx_hal_i2c.o(.text.I2C_WaitOnMasterAddressFlagUntilTimeout)
    I2C_WaitOnTXEFlagUntilTimeout            0x08002799   Thumb Code   186  stm32f1xx_hal_i2c.o(.text.I2C_WaitOnTXEFlagUntilTimeout)
    [Anonymous Symbol]                       0x08002798   Section        0  stm32f1xx_hal_i2c.o(.text.I2C_WaitOnTXEFlagUntilTimeout)
    [Anonymous Symbol]                       0x08002854   Section        0  stm32f1xx_it.o(.text.MemManage_Handler)
    [Anonymous Symbol]                       0x08002858   Section        0  stm32f1xx_it.o(.text.NMI_Handler)
    [Anonymous Symbol]                       0x0800285c   Section        0  stm32f1xx_it.o(.text.PendSV_Handler)
    [Anonymous Symbol]                       0x08002860   Section        0  stm32f1xx_it.o(.text.SVC_Handler)
    [Anonymous Symbol]                       0x08002864   Section        0  stm32f1xx_it.o(.text.SysTick_Handler)
    [Anonymous Symbol]                       0x08002868   Section        0  system_stm32f1xx.o(.text.SystemInit)
    [Anonymous Symbol]                       0x0800286c   Section        0  stm32f1xx_it.o(.text.UsageFault_Handler)
    [Anonymous Symbol]                       0x08002870   Section        0  i2c-lcd.o(.text.lcd_clear)
    [Anonymous Symbol]                       0x080028c4   Section        0  i2c-lcd.o(.text.lcd_init)
    [Anonymous Symbol]                       0x080029dc   Section        0  i2c-lcd.o(.text.lcd_put_cur)
    [Anonymous Symbol]                       0x08002a38   Section        0  i2c-lcd.o(.text.lcd_send_string)
    [Anonymous Symbol]                       0x08002a98   Section        0  main.o(.text.main)
    i.sqrtf                                  0x080035c4   Section        0  sqrtf.o(i.sqrtf)
    x$fpl$d2f                                0x080035f0   Section       98  d2f.o(x$fpl$d2f)
    x$fpl$dadd                               0x08003654   Section      336  daddsub_clz.o(x$fpl$dadd)
    _dadd1                                   0x08003665   Thumb Code     0  daddsub_clz.o(x$fpl$dadd)
    x$fpl$ddiv                               0x080037a4   Section      696  ddiv.o(x$fpl$ddiv)
    ddiv_entry                               0x080037ab   Thumb Code     0  ddiv.o(x$fpl$ddiv)
    x$fpl$dfltu                              0x08003a5c   Section       38  dflt_clz.o(x$fpl$dfltu)
    x$fpl$dmul                               0x08003a84   Section      340  dmul.o(x$fpl$dmul)
    x$fpl$dnaninf                            0x08003bd8   Section      156  dnaninf.o(x$fpl$dnaninf)
    x$fpl$dretinf                            0x08003c74   Section       12  dretinf.o(x$fpl$dretinf)
    x$fpl$dsub                               0x08003c80   Section      476  daddsub_clz.o(x$fpl$dsub)
    _dsub1                                   0x08003c91   Thumb Code     0  daddsub_clz.o(x$fpl$dsub)
    x$fpl$f2d                                0x08003e5c   Section       86  f2d.o(x$fpl$f2d)
    x$fpl$fadd                               0x08003eb4   Section      196  faddsub_clz.o(x$fpl$fadd)
    _fadd1                                   0x08003ec3   Thumb Code     0  faddsub_clz.o(x$fpl$fadd)
    x$fpl$fcmp                               0x08003f78   Section       84  fcmp.o(x$fpl$fcmp)
    x$fpl$fcmpinf                            0x08003fcc   Section       24  fcmpi.o(x$fpl$fcmpinf)
    _fdiv1                                   0x08003fe5   Thumb Code     0  fdiv.o(x$fpl$fdiv)
    x$fpl$fdiv                               0x08003fe4   Section      388  fdiv.o(x$fpl$fdiv)
    x$fpl$feqf                               0x08004168   Section      104  feqf.o(x$fpl$feqf)
    x$fpl$ffixu                              0x080041d0   Section       62  ffixu.o(x$fpl$ffixu)
    x$fpl$ffltu                              0x08004210   Section       38  fflt_clz.o(x$fpl$ffltu)
    x$fpl$fgeqf                              0x08004238   Section      104  fgeqf.o(x$fpl$fgeqf)
    x$fpl$fleqf                              0x080042a0   Section      104  fleqf.o(x$fpl$fleqf)
    x$fpl$fmul                               0x08004308   Section      258  fmul.o(x$fpl$fmul)
    x$fpl$fnaninf                            0x0800440a   Section      140  fnaninf.o(x$fpl$fnaninf)
    x$fpl$fretinf                            0x08004496   Section       10  fretinf.o(x$fpl$fretinf)
    x$fpl$fsqrt                              0x080044a0   Section      272  fsqrt.o(x$fpl$fsqrt)
    x$fpl$fsub                               0x080045b0   Section      234  faddsub_clz.o(x$fpl$fsub)
    _fsub1                                   0x080045bf   Thumb Code     0  faddsub_clz.o(x$fpl$fsub)
    x$fpl$usenofp                            0x0800469a   Section        0  usenofp.o(x$fpl$usenofp)
    HAL_RCC_GetSysClockFreq.aPredivFactorTable 0x080046b2   Data           2  stm32f1xx_hal_rcc.o(.rodata.HAL_RCC_GetSysClockFreq.aPredivFactorTable)
    [Anonymous Symbol]                       0x080046b2   Section        0  stm32f1xx_hal_rcc.o(.rodata.HAL_RCC_GetSysClockFreq.aPredivFactorTable)
    HAL_RCC_GetSysClockFreq.aPLLMULFactorTable 0x080046b4   Data          16  stm32f1xx_hal_rcc.o(.rodata.cst16)
    [Anonymous Symbol]                       0x080046b4   Section        0  stm32f1xx_hal_rcc.o(.rodata.cst16)
    .L.str.5                                 0x080046c4   Data          10  main.o(.rodata.str1.1)
    [Anonymous Symbol]                       0x080046c4   Section        0  main.o(.rodata.str1.1)
    .L_MergedGlobals                         0x20000000   Data           8  stm32f1xx_hal.o(.data..L_MergedGlobals)
    [Anonymous Symbol]                       0x20000000   Section        0  stm32f1xx_hal.o(.data..L_MergedGlobals)
    .bss                                     0x20000010   Section       96  libspace.o(.bss)
    .L_MergedGlobals                         0x20000070   Data         116  main.o(.bss..L_MergedGlobals)
    [Anonymous Symbol]                       0x20000070   Section        0  main.o(.bss..L_MergedGlobals)
    Heap_Mem                                 0x20000218   Data         512  startup_stm32f103xb.o(HEAP)
    HEAP                                     0x20000218   Section      512  startup_stm32f103xb.o(HEAP)
    Stack_Mem                                0x20000418   Data        1024  startup_stm32f103xb.o(STACK)
    STACK                                    0x20000418   Section     1024  startup_stm32f103xb.o(STACK)
    __initial_sp                             0x20000818   Data           0  startup_stm32f103xb.o(STACK)

    Global Symbols

    Symbol Name                              Value     Ov Type        Size  Object(Section)

    BuildAttributes$$THM_ISAv4$P$D$K$B$S$PE$A:L22UL41UL21$X:L11$S22US41US21$IEEE1$IW$~IW$USESV6$~STKCKD$USESV7$~SHL$OTIME$ROPI$IEEEJ$EBA8$UX$STANDARDLIB$REQ8$PRES8$EABIv2 0x00000000   Number         0  anon$$obj.o ABSOLUTE
    __fp_init_empty                          0x00000000   Number         0  fpinit_empty.o ABSOLUTE
    __ARM_exceptions_init                     - Undefined Weak Reference
    __alloca_initialize                       - Undefined Weak Reference
    __arm_preinit_                            - Undefined Weak Reference
    __arm_relocate_pie_                       - Undefined Weak Reference
    __cpp_initialize__aeabi_                  - Undefined Weak Reference
    __cxa_finalize                            - Undefined Weak Reference
    __rt_locale                               - Undefined Weak Reference
    __sigvec_lookup                           - Undefined Weak Reference
    _atexit_init                              - Undefined Weak Reference
    _call_atexit_fns                          - Undefined Weak Reference
    _clock_init                               - Undefined Weak Reference
    _fp_trap_init                             - Undefined Weak Reference
    _fp_trap_shutdown                         - Undefined Weak Reference
    _get_lc_collate                           - Undefined Weak Reference
    _get_lc_ctype                             - Undefined Weak Reference
    _get_lc_monetary                          - Undefined Weak Reference
    _get_lc_numeric                           - Undefined Weak Reference
    _get_lc_time                              - Undefined Weak Reference
    _getenv_init                              - Undefined Weak Reference
    _handle_redirection                       - Undefined Weak Reference
    _init_alloc                               - Undefined Weak Reference
    _init_user_alloc                          - Undefined Weak Reference
    _initio                                   - Undefined Weak Reference
    _printf_post_padding                      - Undefined Weak Reference
    _printf_pre_padding                       - Undefined Weak Reference
    _printf_truncate_signed                   - Undefined Weak Reference
    _printf_truncate_unsigned                 - Undefined Weak Reference
    _rand_init                                - Undefined Weak Reference
    _signal_finish                            - Undefined Weak Reference
    _signal_init                              - Undefined Weak Reference
    _terminate_alloc                          - Undefined Weak Reference
    _terminate_user_alloc                     - Undefined Weak Reference
    _terminateio                              - Undefined Weak Reference
    __Vectors_Size                           0x000000ec   Number         0  startup_stm32f103xb.o ABSOLUTE
    __Vectors                                0x08000000   Data           4  startup_stm32f103xb.o(RESET)
    __Vectors_End                            0x080000ec   Data           0  startup_stm32f103xb.o(RESET)
    __main                                   0x080000ed   Thumb Code     8  __main.o(!!!main)
    __scatterload                            0x080000f5   Thumb Code     0  __scatter.o(!!!scatter)
    __scatterload_rt2                        0x080000f5   Thumb Code    84  __scatter.o(!!!scatter)
    __scatterload_rt2_thumb_only             0x080000f5   Thumb Code     0  __scatter.o(!!!scatter)
    __scatterload_loop                       0x080000ff   Thumb Code     0  __scatter.o(!!!scatter)
    __scatterload_copy                       0x08000151   Thumb Code    26  __scatter_copy.o(!!handler_copy)
    __scatterload_null                       0x0800016d   Thumb Code     2  __scatter.o(!!handler_null)
    __scatterload_zeroinit                   0x08000171   Thumb Code    28  __scatter_zi.o(!!handler_zi)
    _printf_d                                0x0800018d   Thumb Code     0  _printf_d.o(.ARM.Collect$$_printf_percent$$00000009)
    _printf_percent                          0x0800018d   Thumb Code     0  _printf_percent.o(.ARM.Collect$$_printf_percent$$00000000)
    _printf_percent_end                      0x08000193   Thumb Code     0  _printf_percent_end.o(.ARM.Collect$$_printf_percent$$00000017)
    __rt_lib_init                            0x08000197   Thumb Code     0  libinit.o(.ARM.Collect$$libinit$$00000000)
    __rt_lib_init_alloca_1                   0x08000199   Thumb Code     0  libinit2.o(.ARM.Collect$$libinit$$00000030)
    __rt_lib_init_argv_1                     0x08000199   Thumb Code     0  libinit2.o(.ARM.Collect$$libinit$$0000002E)
    __rt_lib_init_atexit_1                   0x08000199   Thumb Code     0  libinit2.o(.ARM.Collect$$libinit$$0000001D)
    __rt_lib_init_clock_1                    0x08000199   Thumb Code     0  libinit2.o(.ARM.Collect$$libinit$$00000023)
    __rt_lib_init_cpp_1                      0x08000199   Thumb Code     0  libinit2.o(.ARM.Collect$$libinit$$00000034)
    __rt_lib_init_exceptions_1               0x08000199   Thumb Code     0  libinit2.o(.ARM.Collect$$libinit$$00000032)
    __rt_lib_init_fp_1                       0x08000199   Thumb Code     0  libinit2.o(.ARM.Collect$$libinit$$00000002)
    __rt_lib_init_fp_trap_1                  0x08000199   Thumb Code     0  libinit2.o(.ARM.Collect$$libinit$$00000021)
    __rt_lib_init_getenv_1                   0x08000199   Thumb Code     0  libinit2.o(.ARM.Collect$$libinit$$00000025)
    __rt_lib_init_heap_1                     0x08000199   Thumb Code     0  libinit2.o(.ARM.Collect$$libinit$$0000000C)
    __rt_lib_init_lc_collate_1               0x08000199   Thumb Code     0  libinit2.o(.ARM.Collect$$libinit$$00000013)
    __rt_lib_init_lc_ctype_1                 0x08000199   Thumb Code     0  libinit2.o(.ARM.Collect$$libinit$$00000015)
    __rt_lib_init_lc_monetary_1              0x08000199   Thumb Code     0  libinit2.o(.ARM.Collect$$libinit$$00000017)
    __rt_lib_init_lc_numeric_1               0x08000199   Thumb Code     0  libinit2.o(.ARM.Collect$$libinit$$00000019)
    __rt_lib_init_lc_time_1                  0x08000199   Thumb Code     0  libinit2.o(.ARM.Collect$$libinit$$0000001B)
    __rt_lib_init_preinit_1                  0x08000199   Thumb Code     0  libinit2.o(.ARM.Collect$$libinit$$00000006)
    __rt_lib_init_rand_1                     0x08000199   Thumb Code     0  libinit2.o(.ARM.Collect$$libinit$$00000010)
    __rt_lib_init_relocate_pie_1             0x08000199   Thumb Code     0  libinit2.o(.ARM.Collect$$libinit$$00000004)
    __rt_lib_init_return                     0x08000199   Thumb Code     0  libinit2.o(.ARM.Collect$$libinit$$00000035)
    __rt_lib_init_signal_1                   0x08000199   Thumb Code     0  libinit2.o(.ARM.Collect$$libinit$$0000001F)
    __rt_lib_init_stdio_1                    0x08000199   Thumb Code     0  libinit2.o(.ARM.Collect$$libinit$$00000027)
    __rt_lib_init_user_alloc_1               0x08000199   Thumb Code     0  libinit2.o(.ARM.Collect$$libinit$$0000000E)
    __rt_lib_shutdown                        0x0800019b   Thumb Code     0  libshutdown.o(.ARM.Collect$$libshutdown$$00000000)
    __rt_lib_shutdown_cpp_1                  0x0800019d   Thumb Code     0  libshutdown2.o(.ARM.Collect$$libshutdown$$00000002)
    __rt_lib_shutdown_fp_trap_1              0x0800019d   Thumb Code     0  libshutdown2.o(.ARM.Collect$$libshutdown$$00000007)
    __rt_lib_shutdown_heap_1                 0x0800019d   Thumb Code     0  libshutdown2.o(.ARM.Collect$$libshutdown$$0000000F)
    __rt_lib_shutdown_return                 0x0800019d   Thumb Code     0  libshutdown2.o(.ARM.Collect$$libshutdown$$00000010)
    __rt_lib_shutdown_signal_1               0x0800019d   Thumb Code     0  libshutdown2.o(.ARM.Collect$$libshutdown$$0000000A)
    __rt_lib_shutdown_stdio_1                0x0800019d   Thumb Code     0  libshutdown2.o(.ARM.Collect$$libshutdown$$00000004)
    __rt_lib_shutdown_user_alloc_1           0x0800019d   Thumb Code     0  libshutdown2.o(.ARM.Collect$$libshutdown$$0000000C)
    __rt_entry                               0x0800019f   Thumb Code     0  __rtentry.o(.ARM.Collect$$rtentry$$00000000)
    __rt_entry_presh_1                       0x0800019f   Thumb Code     0  __rtentry2.o(.ARM.Collect$$rtentry$$00000002)
    __rt_entry_sh                            0x0800019f   Thumb Code     0  __rtentry4.o(.ARM.Collect$$rtentry$$00000004)
    __rt_entry_li                            0x080001a5   Thumb Code     0  __rtentry2.o(.ARM.Collect$$rtentry$$0000000A)
    __rt_entry_postsh_1                      0x080001a5   Thumb Code     0  __rtentry2.o(.ARM.Collect$$rtentry$$00000009)
    __rt_entry_main                          0x080001a9   Thumb Code     0  __rtentry2.o(.ARM.Collect$$rtentry$$0000000D)
    __rt_entry_postli_1                      0x080001a9   Thumb Code     0  __rtentry2.o(.ARM.Collect$$rtentry$$0000000C)
    __rt_exit                                0x080001b1   Thumb Code     0  rtexit.o(.ARM.Collect$$rtexit$$00000000)
    __rt_exit_ls                             0x080001b3   Thumb Code     0  rtexit2.o(.ARM.Collect$$rtexit$$00000003)
    __rt_exit_prels_1                        0x080001b3   Thumb Code     0  rtexit2.o(.ARM.Collect$$rtexit$$00000002)
    __rt_exit_exit                           0x080001b7   Thumb Code     0  rtexit2.o(.ARM.Collect$$rtexit$$00000004)
    Reset_Handler                            0x080001bd   Thumb Code     8  startup_stm32f103xb.o(.text)
    ADC1_2_IRQHandler                        0x080001d7   Thumb Code     0  startup_stm32f103xb.o(.text)
    CAN1_RX1_IRQHandler                      0x080001d7   Thumb Code     0  startup_stm32f103xb.o(.text)
    CAN1_SCE_IRQHandler                      0x080001d7   Thumb Code     0  startup_stm32f103xb.o(.text)
    DMA1_Channel1_IRQHandler                 0x080001d7   Thumb Code     0  startup_stm32f103xb.o(.text)
    DMA1_Channel2_IRQHandler                 0x080001d7   Thumb Code     0  startup_stm32f103xb.o(.text)
    DMA1_Channel3_IRQHandler                 0x080001d7   Thumb Code     0  startup_stm32f103xb.o(.text)
    DMA1_Channel4_IRQHandler                 0x080001d7   Thumb Code     0  startup_stm32f103xb.o(.text)
    DMA1_Channel5_IRQHandler                 0x080001d7   Thumb Code     0  startup_stm32f103xb.o(.text)
    DMA1_Channel6_IRQHandler                 0x080001d7   Thumb Code     0  startup_stm32f103xb.o(.text)
    DMA1_Channel7_IRQHandler                 0x080001d7   Thumb Code     0  startup_stm32f103xb.o(.text)
    EXTI0_IRQHandler                         0x080001d7   Thumb Code     0  startup_stm32f103xb.o(.text)
    EXTI15_10_IRQHandler                     0x080001d7   Thumb Code     0  startup_stm32f103xb.o(.text)
    EXTI1_IRQHandler                         0x080001d7   Thumb Code     0  startup_stm32f103xb.o(.text)
    EXTI2_IRQHandler                         0x080001d7   Thumb Code     0  startup_stm32f103xb.o(.text)
    EXTI3_IRQHandler                         0x080001d7   Thumb Code     0  startup_stm32f103xb.o(.text)
    EXTI4_IRQHandler                         0x080001d7   Thumb Code     0  startup_stm32f103xb.o(.text)
    EXTI9_5_IRQHandler                       0x080001d7   Thumb Code     0  startup_stm32f103xb.o(.text)
    FLASH_IRQHandler                         0x080001d7   Thumb Code     0  startup_stm32f103xb.o(.text)
    I2C1_ER_IRQHandler                       0x080001d7   Thumb Code     0  startup_stm32f103xb.o(.text)
    I2C1_EV_IRQHandler                       0x080001d7   Thumb Code     0  startup_stm32f103xb.o(.text)
    I2C2_ER_IRQHandler                       0x080001d7   Thumb Code     0  startup_stm32f103xb.o(.text)
    I2C2_EV_IRQHandler                       0x080001d7   Thumb Code     0  startup_stm32f103xb.o(.text)
    PVD_IRQHandler                           0x080001d7   Thumb Code     0  startup_stm32f103xb.o(.text)
    RCC_IRQHandler                           0x080001d7   Thumb Code     0  startup_stm32f103xb.o(.text)
    RTC_Alarm_IRQHandler                     0x080001d7   Thumb Code     0  startup_stm32f103xb.o(.text)
    RTC_IRQHandler                           0x080001d7   Thumb Code     0  startup_stm32f103xb.o(.text)
    SPI1_IRQHandler                          0x080001d7   Thumb Code     0  startup_stm32f103xb.o(.text)
    SPI2_IRQHandler                          0x080001d7   Thumb Code     0  startup_stm32f103xb.o(.text)
    TAMPER_IRQHandler                        0x080001d7   Thumb Code     0  startup_stm32f103xb.o(.text)
    TIM1_BRK_IRQHandler                      0x080001d7   Thumb Code     0  startup_stm32f103xb.o(.text)
    TIM1_CC_IRQHandler                       0x080001d7   Thumb Code     0  startup_stm32f103xb.o(.text)
    TIM1_TRG_COM_IRQHandler                  0x080001d7   Thumb Code     0  startup_stm32f103xb.o(.text)
    TIM1_UP_IRQHandler                       0x080001d7   Thumb Code     0  startup_stm32f103xb.o(.text)
    TIM2_IRQHandler                          0x080001d7   Thumb Code     0  startup_stm32f103xb.o(.text)
    TIM3_IRQHandler                          0x080001d7   Thumb Code     0  startup_stm32f103xb.o(.text)
    TIM4_IRQHandler                          0x080001d7   Thumb Code     0  startup_stm32f103xb.o(.text)
    USART1_IRQHandler                        0x080001d7   Thumb Code     0  startup_stm32f103xb.o(.text)
    USART2_IRQHandler                        0x080001d7   Thumb Code     0  startup_stm32f103xb.o(.text)
    USART3_IRQHandler                        0x080001d7   Thumb Code     0  startup_stm32f103xb.o(.text)
    USBWakeUp_IRQHandler                     0x080001d7   Thumb Code     0  startup_stm32f103xb.o(.text)
    USB_HP_CAN1_TX_IRQHandler                0x080001d7   Thumb Code     0  startup_stm32f103xb.o(.text)
    USB_LP_CAN1_RX0_IRQHandler               0x080001d7   Thumb Code     0  startup_stm32f103xb.o(.text)
    WWDG_IRQHandler                          0x080001d7   Thumb Code     0  startup_stm32f103xb.o(.text)
    __user_initial_stackheap                 0x080001d9   Thumb Code     0  startup_stm32f103xb.o(.text)
    __2sprintf                               0x080001fd   Thumb Code    34  noretval__2sprintf.o(.text)
    __printf                                 0x08000225   Thumb Code   104  __printf.o(.text)
    _printf_int_dec                          0x0800028d   Thumb Code   104  _printf_dec.o(.text)
    __use_two_region_memory                  0x08000305   Thumb Code     2  heapauxi.o(.text)
    __rt_heap_escrow$2region                 0x08000307   Thumb Code     2  heapauxi.o(.text)
    __rt_heap_expand$2region                 0x08000309   Thumb Code     2  heapauxi.o(.text)
    __read_errno                             0x0800030b   Thumb Code    10  _rserrno.o(.text)
    __set_errno                              0x08000315   Thumb Code    12  _rserrno.o(.text)
    _printf_int_common                       0x08000321   Thumb Code   178  _printf_intcommon.o(.text)
    _printf_char_common                      0x080003df   Thumb Code    32  _printf_char_common.o(.text)
    _sputc                                   0x08000405   Thumb Code    10  _sputc.o(.text)
    __aeabi_errno_addr                       0x08000411   Thumb Code     8  rt_errno_addr_intlibspace.o(.text)
    __errno$intlibspace                      0x08000411   Thumb Code     0  rt_errno_addr_intlibspace.o(.text)
    __rt_errno_addr$intlibspace              0x08000411   Thumb Code     0  rt_errno_addr_intlibspace.o(.text)
    __user_libspace                          0x08000419   Thumb Code     8  libspace.o(.text)
    __user_perproc_libspace                  0x08000419   Thumb Code     0  libspace.o(.text)
    __user_perthread_libspace                0x08000419   Thumb Code     0  libspace.o(.text)
    __user_setup_stackheap                   0x08000421   Thumb Code    74  sys_stackheap_outer.o(.text)
    exit                                     0x0800046b   Thumb Code    18  exit.o(.text)
    _sys_exit                                0x0800047d   Thumb Code     8  sys_exit.o(.text)
    __I$use$semihosting                      0x08000489   Thumb Code     0  use_no_semi.o(.text)
    __use_no_semihosting_swi                 0x08000489   Thumb Code     2  use_no_semi.o(.text)
    __semihosting_library_function           0x0800048b   Thumb Code     0  indicate_semi.o(.text)
    ADC_Enable                               0x0800048d   Thumb Code   174  stm32f1xx_hal_adc.o(.text.ADC_Enable)
    BusFault_Handler                         0x0800053d   Thumb Code     2  stm32f1xx_it.o(.text.BusFault_Handler)
    DebugMon_Handler                         0x08000541   Thumb Code     2  stm32f1xx_it.o(.text.DebugMon_Handler)
    HAL_ADC_ConfigChannel                    0x08000545   Thumb Code   318  stm32f1xx_hal_adc.o(.text.HAL_ADC_ConfigChannel)
    HAL_ADC_GetValue                         0x08000685   Thumb Code     6  stm32f1xx_hal_adc.o(.text.HAL_ADC_GetValue)
    HAL_ADC_Init                             0x0800068d   Thumb Code   344  stm32f1xx_hal_adc.o(.text.HAL_ADC_Init)
    HAL_ADC_MspInit                          0x080007e5   Thumb Code   138  stm32f1xx_hal_msp.o(.text.HAL_ADC_MspInit)
    HAL_ADC_PollForConversion                0x08000871   Thumb Code   622  stm32f1xx_hal_adc.o(.text.HAL_ADC_PollForConversion)
    HAL_ADC_Start                            0x08000ae1   Thumb Code   206  stm32f1xx_hal_adc.o(.text.HAL_ADC_Start)
    HAL_ADC_Stop                             0x08000bb1   Thumb Code   126  stm32f1xx_hal_adc.o(.text.HAL_ADC_Stop)
    HAL_Delay                                0x08000c31   Thumb Code    40  stm32f1xx_hal.o(.text.HAL_Delay)
    HAL_GPIO_Init                            0x08000c59   Thumb Code   526  stm32f1xx_hal_gpio.o(.text.HAL_GPIO_Init)
    HAL_GPIO_ReadPin                         0x08000e69   Thumb Code    10  stm32f1xx_hal_gpio.o(.text.HAL_GPIO_ReadPin)
    HAL_GPIO_WritePin                        0x08000e75   Thumb Code    10  stm32f1xx_hal_gpio.o(.text.HAL_GPIO_WritePin)
    HAL_GetTick                              0x08000e81   Thumb Code    12  stm32f1xx_hal.o(.text.HAL_GetTick)
    HAL_I2C_Init                             0x08000e8d   Thumb Code   356  stm32f1xx_hal_i2c.o(.text.HAL_I2C_Init)
    HAL_I2C_Master_Transmit                  0x08000ff1   Thumb Code   476  stm32f1xx_hal_i2c.o(.text.HAL_I2C_Master_Transmit)
    HAL_I2C_MspInit                          0x080011cd   Thumb Code   106  stm32f1xx_hal_msp.o(.text.HAL_I2C_MspInit)
    HAL_IncTick                              0x08001239   Thumb Code    26  stm32f1xx_hal.o(.text.HAL_IncTick)
    HAL_Init                                 0x08001255   Thumb Code    38  stm32f1xx_hal.o(.text.HAL_Init)
    HAL_InitTick                             0x0800127d   Thumb Code    72  stm32f1xx_hal.o(.text.HAL_InitTick)
    HAL_MspInit                              0x080012c5   Thumb Code    66  stm32f1xx_hal_msp.o(.text.HAL_MspInit)
    HAL_NVIC_SetPriority                     0x08001309   Thumb Code    86  stm32f1xx_hal_cortex.o(.text.HAL_NVIC_SetPriority)
    HAL_NVIC_SetPriorityGrouping             0x08001361   Thumb Code    32  stm32f1xx_hal_cortex.o(.text.HAL_NVIC_SetPriorityGrouping)
    HAL_RCCEx_GetPeriphCLKFreq               0x08001381   Thumb Code   228  stm32f1xx_hal_rcc_ex.o(.text.HAL_RCCEx_GetPeriphCLKFreq)
    HAL_RCCEx_PeriphCLKConfig                0x08001479   Thumb Code   258  stm32f1xx_hal_rcc_ex.o(.text.HAL_RCCEx_PeriphCLKConfig)
    HAL_RCC_ClockConfig                      0x0800157d   Thumb Code   442  stm32f1xx_hal_rcc.o(.text.HAL_RCC_ClockConfig)
    HAL_RCC_GetPCLK1Freq                     0x08001739   Thumb Code    38  stm32f1xx_hal_rcc.o(.text.HAL_RCC_GetPCLK1Freq)
    HAL_RCC_GetPCLK2Freq                     0x08001761   Thumb Code    38  stm32f1xx_hal_rcc.o(.text.HAL_RCC_GetPCLK2Freq)
    HAL_RCC_OscConfig                        0x08001789   Thumb Code  1024  stm32f1xx_hal_rcc.o(.text.HAL_RCC_OscConfig)
    HAL_SYSTICK_Config                       0x08001b89   Thumb Code    44  stm32f1xx_hal_cortex.o(.text.HAL_SYSTICK_Config)
    HAL_TIMEx_MasterConfigSynchronization    0x08001bb5   Thumb Code   126  stm32f1xx_hal_tim_ex.o(.text.HAL_TIMEx_MasterConfigSynchronization)
    HAL_TIM_Base_Init                        0x08001c35   Thumb Code   250  stm32f1xx_hal_tim.o(.text.HAL_TIM_Base_Init)
    HAL_TIM_Base_MspInit                     0x08001d31   Thumb Code    82  stm32f1xx_hal_msp.o(.text.HAL_TIM_Base_MspInit)
    HAL_TIM_ConfigClockSource                0x08001d85   Thumb Code   416  stm32f1xx_hal_tim.o(.text.HAL_TIM_ConfigClockSource)
    HAL_TIM_MspPostInit                      0x08001f25   Thumb Code   260  stm32f1xx_hal_msp.o(.text.HAL_TIM_MspPostInit)
    HAL_TIM_PWM_ConfigChannel                0x08002029   Thumb Code   516  stm32f1xx_hal_tim.o(.text.HAL_TIM_PWM_ConfigChannel)
    HAL_TIM_PWM_Init                         0x0800222d   Thumb Code   250  stm32f1xx_hal_tim.o(.text.HAL_TIM_PWM_Init)
    HAL_TIM_PWM_MspInit                      0x08002329   Thumb Code    48  stm32f1xx_hal_msp.o(.text.HAL_TIM_PWM_MspInit)
    HAL_TIM_PWM_Start                        0x08002359   Thumb Code   218  stm32f1xx_hal_tim.o(.text.HAL_TIM_PWM_Start)
    HardFault_Handler                        0x08002435   Thumb Code     2  stm32f1xx_it.o(.text.HardFault_Handler)
    MemManage_Handler                        0x08002855   Thumb Code     2  stm32f1xx_it.o(.text.MemManage_Handler)
    NMI_Handler                              0x08002859   Thumb Code     2  stm32f1xx_it.o(.text.NMI_Handler)
    PendSV_Handler                           0x0800285d   Thumb Code     2  stm32f1xx_it.o(.text.PendSV_Handler)
    SVC_Handler                              0x08002861   Thumb Code     2  stm32f1xx_it.o(.text.SVC_Handler)
    SysTick_Handler                          0x08002865   Thumb Code     4  stm32f1xx_it.o(.text.SysTick_Handler)
    SystemInit                               0x08002869   Thumb Code     2  system_stm32f1xx.o(.text.SystemInit)
    UsageFault_Handler                       0x0800286d   Thumb Code     2  stm32f1xx_it.o(.text.UsageFault_Handler)
    lcd_clear                                0x08002871   Thumb Code    84  i2c-lcd.o(.text.lcd_clear)
    lcd_init                                 0x080028c5   Thumb Code   278  i2c-lcd.o(.text.lcd_init)
    lcd_put_cur                              0x080029dd   Thumb Code    90  i2c-lcd.o(.text.lcd_put_cur)
    lcd_send_string                          0x08002a39   Thumb Code    94  i2c-lcd.o(.text.lcd_send_string)
    main                                     0x08002a99   Thumb Code  2816  main.o(.text.main)
    sqrtf                                    0x080035c5   Thumb Code    44  sqrtf.o(i.sqrtf)
    __aeabi_d2f                              0x080035f1   Thumb Code     0  d2f.o(x$fpl$d2f)
    _d2f                                     0x080035f1   Thumb Code    98  d2f.o(x$fpl$d2f)
    __aeabi_dadd                             0x08003655   Thumb Code     0  daddsub_clz.o(x$fpl$dadd)
    _dadd                                    0x08003655   Thumb Code   332  daddsub_clz.o(x$fpl$dadd)
    __aeabi_ddiv                             0x080037a5   Thumb Code     0  ddiv.o(x$fpl$ddiv)
    _ddiv                                    0x080037a5   Thumb Code   560  ddiv.o(x$fpl$ddiv)
    __aeabi_ui2d                             0x08003a5d   Thumb Code     0  dflt_clz.o(x$fpl$dfltu)
    _dfltu                                   0x08003a5d   Thumb Code    38  dflt_clz.o(x$fpl$dfltu)
    __aeabi_dmul                             0x08003a85   Thumb Code     0  dmul.o(x$fpl$dmul)
    _dmul                                    0x08003a85   Thumb Code   332  dmul.o(x$fpl$dmul)
    __fpl_dnaninf                            0x08003bd9   Thumb Code   156  dnaninf.o(x$fpl$dnaninf)
    __fpl_dretinf                            0x08003c75   Thumb Code    12  dretinf.o(x$fpl$dretinf)
    __aeabi_dsub                             0x08003c81   Thumb Code     0  daddsub_clz.o(x$fpl$dsub)
    _dsub                                    0x08003c81   Thumb Code   472  daddsub_clz.o(x$fpl$dsub)
    __aeabi_f2d                              0x08003e5d   Thumb Code     0  f2d.o(x$fpl$f2d)
    _f2d                                     0x08003e5d   Thumb Code    86  f2d.o(x$fpl$f2d)
    __aeabi_fadd                             0x08003eb5   Thumb Code     0  faddsub_clz.o(x$fpl$fadd)
    _fadd                                    0x08003eb5   Thumb Code   196  faddsub_clz.o(x$fpl$fadd)
    __aeabi_fcmpeq                           0x08003f79   Thumb Code     0  fcmp.o(x$fpl$fcmp)
    _feq                                     0x08003f79   Thumb Code    14  fcmp.o(x$fpl$fcmp)
    _fneq                                    0x08003f87   Thumb Code    14  fcmp.o(x$fpl$fcmp)
    __aeabi_fcmpgt                           0x08003f95   Thumb Code     0  fcmp.o(x$fpl$fcmp)
    _fgr                                     0x08003f95   Thumb Code    14  fcmp.o(x$fpl$fcmp)
    __aeabi_fcmpge                           0x08003fa3   Thumb Code     0  fcmp.o(x$fpl$fcmp)
    _fgeq                                    0x08003fa3   Thumb Code    14  fcmp.o(x$fpl$fcmp)
    __aeabi_fcmple                           0x08003fb1   Thumb Code     0  fcmp.o(x$fpl$fcmp)
    _fleq                                    0x08003fb1   Thumb Code    14  fcmp.o(x$fpl$fcmp)
    __aeabi_fcmplt                           0x08003fbf   Thumb Code     0  fcmp.o(x$fpl$fcmp)
    _fls                                     0x08003fbf   Thumb Code    14  fcmp.o(x$fpl$fcmp)
    __fpl_fcmp_Inf                           0x08003fcd   Thumb Code    24  fcmpi.o(x$fpl$fcmpinf)
    __aeabi_fdiv                             0x08003fe5   Thumb Code     0  fdiv.o(x$fpl$fdiv)
    _fdiv                                    0x08003fe5   Thumb Code   384  fdiv.o(x$fpl$fdiv)
    __aeabi_cfcmpeq                          0x08004169   Thumb Code     0  feqf.o(x$fpl$feqf)
    _fcmpeq                                  0x08004169   Thumb Code   104  feqf.o(x$fpl$feqf)
    __aeabi_f2uiz                            0x080041d1   Thumb Code     0  ffixu.o(x$fpl$ffixu)
    _ffixu                                   0x080041d1   Thumb Code    62  ffixu.o(x$fpl$ffixu)
    __aeabi_ui2f                             0x08004211   Thumb Code     0  fflt_clz.o(x$fpl$ffltu)
    _ffltu                                   0x08004211   Thumb Code    38  fflt_clz.o(x$fpl$ffltu)
    _fcmpge                                  0x08004239   Thumb Code   104  fgeqf.o(x$fpl$fgeqf)
    __aeabi_cfcmple                          0x080042a1   Thumb Code     0  fleqf.o(x$fpl$fleqf)
    _fcmple                                  0x080042a1   Thumb Code   104  fleqf.o(x$fpl$fleqf)
    __fpl_fcmple_InfNaN                      0x080042f3   Thumb Code     0  fleqf.o(x$fpl$fleqf)
    __aeabi_fmul                             0x08004309   Thumb Code     0  fmul.o(x$fpl$fmul)
    _fmul                                    0x08004309   Thumb Code   258  fmul.o(x$fpl$fmul)
    __fpl_fnaninf                            0x0800440b   Thumb Code   140  fnaninf.o(x$fpl$fnaninf)
    __fpl_fretinf                            0x08004497   Thumb Code    10  fretinf.o(x$fpl$fretinf)
    _fsqrt                                   0x080044a1   Thumb Code   272  fsqrt.o(x$fpl$fsqrt)
    __aeabi_fsub                             0x080045b1   Thumb Code     0  faddsub_clz.o(x$fpl$fsub)
    _fsub                                    0x080045b1   Thumb Code   234  faddsub_clz.o(x$fpl$fsub)
    AHBPrescTable                            0x0800469a   Data          16  system_stm32f1xx.o(.rodata.AHBPrescTable)
    __I$use$fp                               0x0800469a   Number         0  usenofp.o(x$fpl$usenofp)
    APBPrescTable                            0x080046aa   Data           8  system_stm32f1xx.o(.rodata.APBPrescTable)
    Region$$Table$$Base                      0x080046d0   Number         0  anon$$obj.o(Region$$Table)
    Region$$Table$$Limit                     0x080046f0   Number         0  anon$$obj.o(Region$$Table)
    uwTickFreq                               0x20000000   Data           1  stm32f1xx_hal.o(.data..L_MergedGlobals)
    uwTickPrio                               0x20000004   Data           4  stm32f1xx_hal.o(.data..L_MergedGlobals)
    SystemCoreClock                          0x20000008   Data           4  system_stm32f1xx.o(.data.SystemCoreClock)
    __libspace_start                         0x20000010   Data          96  libspace.o(.bss)
    __temporary_stack_top$libspace           0x20000070   Data           0  libspace.o(.bss)
    dem                                      0x20000070   Data           1  main.o(.bss..L_MergedGlobals)
    state                                    0x20000071   Data           1  main.o(.bss..L_MergedGlobals)
    value                                    0x20000072   Data           1  main.o(.bss..L_MergedGlobals)
    truoc                                    0x20000073   Data           1  main.o(.bss..L_MergedGlobals)
    hientai                                  0x20000074   Data           1  main.o(.bss..L_MergedGlobals)
    Ampe_max                                 0x20000075   Data           1  main.o(.bss..L_MergedGlobals)
    c                                        0x20000076   Data           1  main.o(.bss..L_MergedGlobals)
    i                                        0x20000077   Data           1  main.o(.bss..L_MergedGlobals)
    a                                        0x20000078   Data           2  main.o(.bss..L_MergedGlobals)
    sum                                      0x2000007c   Data           4  main.o(.bss..L_MergedGlobals)
    caonhat1                                 0x20000080   Data           4  main.o(.bss..L_MergedGlobals)
    ADC_1                                    0x20000084   Data           4  main.o(.bss..L_MergedGlobals)
    Voltage                                  0x20000088   Data           4  main.o(.bss..L_MergedGlobals)
    Ampe1                                    0x2000008c   Data           4  main.o(.bss..L_MergedGlobals)
    Ampe                                     0x20000090   Data           4  main.o(.bss..L_MergedGlobals)
    Duty_Cycle                               0x20000094   Data           4  main.o(.bss..L_MergedGlobals)
    tong_0                                   0x20000098   Data           4  main.o(.bss..L_MergedGlobals)
    tong_1                                   0x2000009c   Data           4  main.o(.bss..L_MergedGlobals)
    ADC_0                                    0x200000a0   Data           4  main.o(.bss..L_MergedGlobals)
    caonhat                                  0x200000a4   Data           4  main.o(.bss..L_MergedGlobals)
    y                                        0x200000a8   Data           4  main.o(.bss..L_MergedGlobals)
    tong_2                                   0x200000ac   Data           4  main.o(.bss..L_MergedGlobals)
    Ampe2                                    0x200000b0   Data           4  main.o(.bss..L_MergedGlobals)
    hadc1                                    0x200000b4   Data          48  main.o(.bss..L_MergedGlobals)
    hi2c1                                    0x200000e4   Data          84  main.o(.bss.hi2c1)
    htim2                                    0x20000138   Data          72  main.o(.bss.htim2)
    htim3                                    0x20000180   Data          72  main.o(.bss.htim3)
    htim4                                    0x200001c8   Data          72  main.o(.bss.htim4)
    uwTick                                   0x20000210   Data           4  stm32f1xx_hal.o(.bss.uwTick)



==============================================================================

Memory Map of the image

  Image Entry point : 0x080000ed

  Load Region LR_IROM1 (Base: 0x08000000, Size: 0x00004700, Max: 0x00010000, ABSOLUTE)

    Execution Region ER_IROM1 (Exec base: 0x08000000, Load base: 0x08000000, Size: 0x000046f0, Max: 0x00010000, ABSOLUTE)

    Exec Addr    Load Addr    Size         Type   Attr      Idx    E Section Name        Object

    0x08000000   0x08000000   0x000000ec   Data   RO            3    RESET               startup_stm32f103xb.o
    0x080000ec   0x080000ec   0x00000008   Code   RO         1065  * !!!main             c_w.l(__main.o)
    0x080000f4   0x080000f4   0x0000005c   Code   RO         1315    !!!scatter          c_w.l(__scatter.o)
    0x08000150   0x08000150   0x0000001a   Code   RO         1319    !!handler_copy      c_w.l(__scatter_copy.o)
    0x0800016a   0x0800016a   0x00000002   PAD
    0x0800016c   0x0800016c   0x00000002   Code   RO         1316    !!handler_null      c_w.l(__scatter.o)
    0x0800016e   0x0800016e   0x00000002   PAD
    0x08000170   0x08000170   0x0000001c   Code   RO         1321    !!handler_zi        c_w.l(__scatter_zi.o)
    0x0800018c   0x0800018c   0x00000000   Code   RO         1060    .ARM.Collect$$_printf_percent$$00000000  c_w.l(_printf_percent.o)
    0x0800018c   0x0800018c   0x00000006   Code   RO         1059    .ARM.Collect$$_printf_percent$$00000009  c_w.l(_printf_d.o)
    0x08000192   0x08000192   0x00000004   Code   RO         1126    .ARM.Collect$$_printf_percent$$00000017  c_w.l(_printf_percent_end.o)
    0x08000196   0x08000196   0x00000002   Code   RO         1180    .ARM.Collect$$libinit$$00000000  c_w.l(libinit.o)
    0x08000198   0x08000198   0x00000000   Code   RO         1184    .ARM.Collect$$libinit$$00000002  c_w.l(libinit2.o)
    0x08000198   0x08000198   0x00000000   Code   RO         1186    .ARM.Collect$$libinit$$00000004  c_w.l(libinit2.o)
    0x08000198   0x08000198   0x00000000   Code   RO         1188    .ARM.Collect$$libinit$$00000006  c_w.l(libinit2.o)
    0x08000198   0x08000198   0x00000000   Code   RO         1191    .ARM.Collect$$libinit$$0000000C  c_w.l(libinit2.o)
    0x08000198   0x08000198   0x00000000   Code   RO         1193    .ARM.Collect$$libinit$$0000000E  c_w.l(libinit2.o)
    0x08000198   0x08000198   0x00000000   Code   RO         1195    .ARM.Collect$$libinit$$00000010  c_w.l(libinit2.o)
    0x08000198   0x08000198   0x00000000   Code   RO         1198    .ARM.Collect$$libinit$$00000013  c_w.l(libinit2.o)
    0x08000198   0x08000198   0x00000000   Code   RO         1200    .ARM.Collect$$libinit$$00000015  c_w.l(libinit2.o)
    0x08000198   0x08000198   0x00000000   Code   RO         1202    .ARM.Collect$$libinit$$00000017  c_w.l(libinit2.o)
    0x08000198   0x08000198   0x00000000   Code   RO         1204    .ARM.Collect$$libinit$$00000019  c_w.l(libinit2.o)
    0x08000198   0x08000198   0x00000000   Code   RO         1206    .ARM.Collect$$libinit$$0000001B  c_w.l(libinit2.o)
    0x08000198   0x08000198   0x00000000   Code   RO         1208    .ARM.Collect$$libinit$$0000001D  c_w.l(libinit2.o)
    0x08000198   0x08000198   0x00000000   Code   RO         1210    .ARM.Collect$$libinit$$0000001F  c_w.l(libinit2.o)
    0x08000198   0x08000198   0x00000000   Code   RO         1212    .ARM.Collect$$libinit$$00000021  c_w.l(libinit2.o)
    0x08000198   0x08000198   0x00000000   Code   RO         1214    .ARM.Collect$$libinit$$00000023  c_w.l(libinit2.o)
    0x08000198   0x08000198   0x00000000   Code   RO         1216    .ARM.Collect$$libinit$$00000025  c_w.l(libinit2.o)
    0x08000198   0x08000198   0x00000000   Code   RO         1218    .ARM.Collect$$libinit$$00000027  c_w.l(libinit2.o)
    0x08000198   0x08000198   0x00000000   Code   RO         1222    .ARM.Collect$$libinit$$0000002E  c_w.l(libinit2.o)
    0x08000198   0x08000198   0x00000000   Code   RO         1224    .ARM.Collect$$libinit$$00000030  c_w.l(libinit2.o)
    0x08000198   0x08000198   0x00000000   Code   RO         1226    .ARM.Collect$$libinit$$00000032  c_w.l(libinit2.o)
    0x08000198   0x08000198   0x00000000   Code   RO         1228    .ARM.Collect$$libinit$$00000034  c_w.l(libinit2.o)
    0x08000198   0x08000198   0x00000002   Code   RO         1229    .ARM.Collect$$libinit$$00000035  c_w.l(libinit2.o)
    0x0800019a   0x0800019a   0x00000002   Code   RO         1251    .ARM.Collect$$libshutdown$$00000000  c_w.l(libshutdown.o)
    0x0800019c   0x0800019c   0x00000000   Code   RO         1266    .ARM.Collect$$libshutdown$$00000002  c_w.l(libshutdown2.o)
    0x0800019c   0x0800019c   0x00000000   Code   RO         1268    .ARM.Collect$$libshutdown$$00000004  c_w.l(libshutdown2.o)
    0x0800019c   0x0800019c   0x00000000   Code   RO         1271    .ARM.Collect$$libshutdown$$00000007  c_w.l(libshutdown2.o)
    0x0800019c   0x0800019c   0x00000000   Code   RO         1274    .ARM.Collect$$libshutdown$$0000000A  c_w.l(libshutdown2.o)
    0x0800019c   0x0800019c   0x00000000   Code   RO         1276    .ARM.Collect$$libshutdown$$0000000C  c_w.l(libshutdown2.o)
    0x0800019c   0x0800019c   0x00000000   Code   RO         1279    .ARM.Collect$$libshutdown$$0000000F  c_w.l(libshutdown2.o)
    0x0800019c   0x0800019c   0x00000002   Code   RO         1280    .ARM.Collect$$libshutdown$$00000010  c_w.l(libshutdown2.o)
    0x0800019e   0x0800019e   0x00000000   Code   RO         1117    .ARM.Collect$$rtentry$$00000000  c_w.l(__rtentry.o)
    0x0800019e   0x0800019e   0x00000000   Code   RO         1145    .ARM.Collect$$rtentry$$00000002  c_w.l(__rtentry2.o)
    0x0800019e   0x0800019e   0x00000006   Code   RO         1157    .ARM.Collect$$rtentry$$00000004  c_w.l(__rtentry4.o)
    0x080001a4   0x080001a4   0x00000000   Code   RO         1147    .ARM.Collect$$rtentry$$00000009  c_w.l(__rtentry2.o)
    0x080001a4   0x080001a4   0x00000004   Code   RO         1148    .ARM.Collect$$rtentry$$0000000A  c_w.l(__rtentry2.o)
    0x080001a8   0x080001a8   0x00000000   Code   RO         1150    .ARM.Collect$$rtentry$$0000000C  c_w.l(__rtentry2.o)
    0x080001a8   0x080001a8   0x00000008   Code   RO         1151    .ARM.Collect$$rtentry$$0000000D  c_w.l(__rtentry2.o)
    0x080001b0   0x080001b0   0x00000002   Code   RO         1181    .ARM.Collect$$rtexit$$00000000  c_w.l(rtexit.o)
    0x080001b2   0x080001b2   0x00000000   Code   RO         1231    .ARM.Collect$$rtexit$$00000002  c_w.l(rtexit2.o)
    0x080001b2   0x080001b2   0x00000004   Code   RO         1232    .ARM.Collect$$rtexit$$00000003  c_w.l(rtexit2.o)
    0x080001b6   0x080001b6   0x00000006   Code   RO         1233    .ARM.Collect$$rtexit$$00000004  c_w.l(rtexit2.o)
    0x080001bc   0x080001bc   0x00000040   Code   RO            4    .text               startup_stm32f103xb.o
    0x080001fc   0x080001fc   0x00000028   Code   RO         1033    .text               c_w.l(noretval__2sprintf.o)
    0x08000224   0x08000224   0x00000068   Code   RO         1035    .text               c_w.l(__printf.o)
    0x0800028c   0x0800028c   0x00000078   Code   RO         1037    .text               c_w.l(_printf_dec.o)
    0x08000304   0x08000304   0x00000006   Code   RO         1063    .text               c_w.l(heapauxi.o)
    0x0800030a   0x0800030a   0x00000016   Code   RO         1118    .text               c_w.l(_rserrno.o)
    0x08000320   0x08000320   0x000000b2   Code   RO         1120    .text               c_w.l(_printf_intcommon.o)
    0x080003d2   0x080003d2   0x00000002   PAD
    0x080003d4   0x080003d4   0x00000030   Code   RO         1122    .text               c_w.l(_printf_char_common.o)
    0x08000404   0x08000404   0x0000000a   Code   RO         1124    .text               c_w.l(_sputc.o)
    0x0800040e   0x0800040e   0x00000002   PAD
    0x08000410   0x08000410   0x00000008   Code   RO         1162    .text               c_w.l(rt_errno_addr_intlibspace.o)
    0x08000418   0x08000418   0x00000008   Code   RO         1168    .text               c_w.l(libspace.o)
    0x08000420   0x08000420   0x0000004a   Code   RO         1171    .text               c_w.l(sys_stackheap_outer.o)
    0x0800046a   0x0800046a   0x00000012   Code   RO         1173    .text               c_w.l(exit.o)
    0x0800047c   0x0800047c   0x0000000c   Code   RO         1241    .text               c_w.l(sys_exit.o)
    0x08000488   0x08000488   0x00000002   Code   RO         1256    .text               c_w.l(use_no_semi.o)
    0x0800048a   0x0800048a   0x00000000   Code   RO         1258    .text               c_w.l(indicate_semi.o)
    0x0800048a   0x0800048a   0x00000002   PAD
    0x0800048c   0x0800048c   0x000000ae   Code   RO          156    .text.ADC_Enable    stm32f1xx_hal_adc.o
    0x0800053a   0x0800053a   0x00000002   PAD
    0x0800053c   0x0800053c   0x00000002   Code   RO           68    .text.BusFault_Handler  stm32f1xx_it.o
    0x0800053e   0x0800053e   0x00000002   PAD
    0x08000540   0x08000540   0x00000002   Code   RO           74    .text.DebugMon_Handler  stm32f1xx_it.o
    0x08000542   0x08000542   0x00000002   PAD
    0x08000544   0x08000544   0x0000013e   Code   RO          190    .text.HAL_ADC_ConfigChannel  stm32f1xx_hal_adc.o
    0x08000682   0x08000682   0x00000002   PAD
    0x08000684   0x08000684   0x00000006   Code   RO          178    .text.HAL_ADC_GetValue  stm32f1xx_hal_adc.o
    0x0800068a   0x0800068a   0x00000002   PAD
    0x0800068c   0x0800068c   0x00000158   Code   RO          144    .text.HAL_ADC_Init  stm32f1xx_hal_adc.o
    0x080007e4   0x080007e4   0x0000008a   Code   RO           89    .text.HAL_ADC_MspInit  stm32f1xx_hal_msp.o
    0x0800086e   0x0800086e   0x00000002   PAD
    0x08000870   0x08000870   0x0000026e   Code   RO          160    .text.HAL_ADC_PollForConversion  stm32f1xx_hal_adc.o
    0x08000ade   0x08000ade   0x00000002   PAD
    0x08000ae0   0x08000ae0   0x000000ce   Code   RO          154    .text.HAL_ADC_Start  stm32f1xx_hal_adc.o
    0x08000bae   0x08000bae   0x00000002   PAD
    0x08000bb0   0x08000bb0   0x0000007e   Code   RO          158    .text.HAL_ADC_Stop  stm32f1xx_hal_adc.o
    0x08000c2e   0x08000c2e   0x00000002   PAD
    0x08000c30   0x08000c30   0x00000028   Code   RO          260    .text.HAL_Delay     stm32f1xx_hal.o
    0x08000c58   0x08000c58   0x0000020e   Code   RO          352    .text.HAL_GPIO_Init  stm32f1xx_hal_gpio.o
    0x08000e66   0x08000e66   0x00000002   PAD
    0x08000e68   0x08000e68   0x0000000a   Code   RO          356    .text.HAL_GPIO_ReadPin  stm32f1xx_hal_gpio.o
    0x08000e72   0x08000e72   0x00000002   PAD
    0x08000e74   0x08000e74   0x0000000a   Code   RO          358    .text.HAL_GPIO_WritePin  stm32f1xx_hal_gpio.o
    0x08000e7e   0x08000e7e   0x00000002   PAD
    0x08000e80   0x08000e80   0x0000000c   Code   RO          252    .text.HAL_GetTick   stm32f1xx_hal.o
    0x08000e8c   0x08000e8c   0x00000164   Code   RO          573    .text.HAL_I2C_Init  stm32f1xx_hal_i2c.o
    0x08000ff0   0x08000ff0   0x000001dc   Code   RO          581    .text.HAL_I2C_Master_Transmit  stm32f1xx_hal_i2c.o
    0x080011cc   0x080011cc   0x0000006a   Code   RO           93    .text.HAL_I2C_MspInit  stm32f1xx_hal_msp.o
    0x08001236   0x08001236   0x00000002   PAD
    0x08001238   0x08001238   0x0000001a   Code   RO          250    .text.HAL_IncTick   stm32f1xx_hal.o
    0x08001252   0x08001252   0x00000002   PAD
    0x08001254   0x08001254   0x00000026   Code   RO          240    .text.HAL_Init      stm32f1xx_hal.o
    0x0800127a   0x0800127a   0x00000002   PAD
    0x0800127c   0x0800127c   0x00000048   Code   RO          242    .text.HAL_InitTick  stm32f1xx_hal.o
    0x080012c4   0x080012c4   0x00000042   Code   RO           87    .text.HAL_MspInit   stm32f1xx_hal_msp.o
    0x08001306   0x08001306   0x00000002   PAD
    0x08001308   0x08001308   0x00000056   Code   RO          410    .text.HAL_NVIC_SetPriority  stm32f1xx_hal_cortex.o
    0x0800135e   0x0800135e   0x00000002   PAD
    0x08001360   0x08001360   0x00000020   Code   RO          408    .text.HAL_NVIC_SetPriorityGrouping  stm32f1xx_hal_cortex.o
    0x08001380   0x08001380   0x000000f8   Code   RO          342    .text.HAL_RCCEx_GetPeriphCLKFreq  stm32f1xx_hal_rcc_ex.o
    0x08001478   0x08001478   0x00000102   Code   RO          338    .text.HAL_RCCEx_PeriphCLKConfig  stm32f1xx_hal_rcc_ex.o
    0x0800157a   0x0800157a   0x00000002   PAD
    0x0800157c   0x0800157c   0x000001ba   Code   RO          304    .text.HAL_RCC_ClockConfig  stm32f1xx_hal_rcc.o
    0x08001736   0x08001736   0x00000002   PAD
    0x08001738   0x08001738   0x00000026   Code   RO          316    .text.HAL_RCC_GetPCLK1Freq  stm32f1xx_hal_rcc.o
    0x0800175e   0x0800175e   0x00000002   PAD
    0x08001760   0x08001760   0x00000026   Code   RO          318    .text.HAL_RCC_GetPCLK2Freq  stm32f1xx_hal_rcc.o
    0x08001786   0x08001786   0x00000002   PAD
    0x08001788   0x08001788   0x00000400   Code   RO          302    .text.HAL_RCC_OscConfig  stm32f1xx_hal_rcc.o
    0x08001b88   0x08001b88   0x0000002c   Code   RO          420    .text.HAL_SYSTICK_Config  stm32f1xx_hal_cortex.o
    0x08001bb4   0x08001bb4   0x0000007e   Code   RO         1006    .text.HAL_TIMEx_MasterConfigSynchronization  stm32f1xx_hal_tim_ex.o
    0x08001c32   0x08001c32   0x00000002   PAD
    0x08001c34   0x08001c34   0x000000fa   Code   RO          711    .text.HAL_TIM_Base_Init  stm32f1xx_hal_tim.o
    0x08001d2e   0x08001d2e   0x00000002   PAD
    0x08001d30   0x08001d30   0x00000052   Code   RO           97    .text.HAL_TIM_Base_MspInit  stm32f1xx_hal_msp.o
    0x08001d82   0x08001d82   0x00000002   PAD
    0x08001d84   0x08001d84   0x000001a0   Code   RO          891    .text.HAL_TIM_ConfigClockSource  stm32f1xx_hal_tim.o
    0x08001f24   0x08001f24   0x00000104   Code   RO          101    .text.HAL_TIM_MspPostInit  stm32f1xx_hal_msp.o
    0x08002028   0x08002028   0x00000204   Code   RO          865    .text.HAL_TIM_PWM_ConfigChannel  stm32f1xx_hal_tim.o
    0x0800222c   0x0800222c   0x000000fa   Code   RO          765    .text.HAL_TIM_PWM_Init  stm32f1xx_hal_tim.o
    0x08002326   0x08002326   0x00000002   PAD
    0x08002328   0x08002328   0x00000030   Code   RO           99    .text.HAL_TIM_PWM_MspInit  stm32f1xx_hal_msp.o
    0x08002358   0x08002358   0x000000da   Code   RO          773    .text.HAL_TIM_PWM_Start  stm32f1xx_hal_tim.o
    0x08002432   0x08002432   0x00000002   PAD
    0x08002434   0x08002434   0x00000002   Code   RO           64    .text.HardFault_Handler  stm32f1xx_it.o
    0x08002436   0x08002436   0x00000002   PAD
    0x08002438   0x08002438   0x000000ba   Code   RO          587    .text.I2C_WaitOnBTFFlagUntilTimeout  stm32f1xx_hal_i2c.o
    0x080024f2   0x080024f2   0x00000002   PAD
    0x080024f4   0x080024f4   0x000001ca   Code   RO          583    .text.I2C_WaitOnFlagUntilTimeout  stm32f1xx_hal_i2c.o
    0x080026be   0x080026be   0x00000002   PAD
    0x080026c0   0x080026c0   0x000000d6   Code   RO          701    .text.I2C_WaitOnMasterAddressFlagUntilTimeout  stm32f1xx_hal_i2c.o
    0x08002796   0x08002796   0x00000002   PAD
    0x08002798   0x08002798   0x000000ba   Code   RO          585    .text.I2C_WaitOnTXEFlagUntilTimeout  stm32f1xx_hal_i2c.o
    0x08002852   0x08002852   0x00000002   PAD
    0x08002854   0x08002854   0x00000002   Code   RO           66    .text.MemManage_Handler  stm32f1xx_it.o
    0x08002856   0x08002856   0x00000002   PAD
    0x08002858   0x08002858   0x00000002   Code   RO           62    .text.NMI_Handler   stm32f1xx_it.o
    0x0800285a   0x0800285a   0x00000002   PAD
    0x0800285c   0x0800285c   0x00000002   Code   RO           76    .text.PendSV_Handler  stm32f1xx_it.o
    0x0800285e   0x0800285e   0x00000002   PAD
    0x08002860   0x08002860   0x00000002   Code   RO           72    .text.SVC_Handler   stm32f1xx_it.o
    0x08002862   0x08002862   0x00000002   PAD
    0x08002864   0x08002864   0x00000004   Code   RO           78    .text.SysTick_Handler  stm32f1xx_it.o
    0x08002868   0x08002868   0x00000002   Code   RO          115    .text.SystemInit    system_stm32f1xx.o
    0x0800286a   0x0800286a   0x00000002   PAD
    0x0800286c   0x0800286c   0x00000002   Code   RO           70    .text.UsageFault_Handler  stm32f1xx_it.o
    0x0800286e   0x0800286e   0x00000002   PAD
    0x08002870   0x08002870   0x00000054   Code   RO           15    .text.lcd_clear     i2c-lcd.o
    0x080028c4   0x080028c4   0x00000116   Code   RO           19    .text.lcd_init      i2c-lcd.o
    0x080029da   0x080029da   0x00000002   PAD
    0x080029dc   0x080029dc   0x0000005a   Code   RO           17    .text.lcd_put_cur   i2c-lcd.o
    0x08002a36   0x08002a36   0x00000002   PAD
    0x08002a38   0x08002a38   0x0000005e   Code   RO           21    .text.lcd_send_string  i2c-lcd.o
    0x08002a96   0x08002a96   0x00000002   PAD
    0x08002a98   0x08002a98   0x00000b2c   Code   RO           39    .text.main          main.o
    0x080035c4   0x080035c4   0x0000002c   Code   RO         1114    i.sqrtf             m_ws.l(sqrtf.o)
    0x080035f0   0x080035f0   0x00000062   Code   RO         1067    x$fpl$d2f           fz_ws.l(d2f.o)
    0x08003652   0x08003652   0x00000002   PAD
    0x08003654   0x08003654   0x00000150   Code   RO         1069    x$fpl$dadd          fz_ws.l(daddsub_clz.o)
    0x080037a4   0x080037a4   0x000002b8   Code   RO         1076    x$fpl$ddiv          fz_ws.l(ddiv.o)
    0x08003a5c   0x08003a5c   0x00000026   Code   RO         1079    x$fpl$dfltu         fz_ws.l(dflt_clz.o)
    0x08003a82   0x08003a82   0x00000002   PAD
    0x08003a84   0x08003a84   0x00000154   Code   RO         1085    x$fpl$dmul          fz_ws.l(dmul.o)
    0x08003bd8   0x08003bd8   0x0000009c   Code   RO         1127    x$fpl$dnaninf       fz_ws.l(dnaninf.o)
    0x08003c74   0x08003c74   0x0000000c   Code   RO         1129    x$fpl$dretinf       fz_ws.l(dretinf.o)
    0x08003c80   0x08003c80   0x000001dc   Code   RO         1071    x$fpl$dsub          fz_ws.l(daddsub_clz.o)
    0x08003e5c   0x08003e5c   0x00000056   Code   RO         1087    x$fpl$f2d           fz_ws.l(f2d.o)
    0x08003eb2   0x08003eb2   0x00000002   PAD
    0x08003eb4   0x08003eb4   0x000000c4   Code   RO         1089    x$fpl$fadd          fz_ws.l(faddsub_clz.o)
    0x08003f78   0x08003f78   0x00000054   Code   RO         1095    x$fpl$fcmp          fz_ws.l(fcmp.o)
    0x08003fcc   0x08003fcc   0x00000018   Code   RO         1166    x$fpl$fcmpinf       fz_ws.l(fcmpi.o)
    0x08003fe4   0x08003fe4   0x00000184   Code   RO         1098    x$fpl$fdiv          fz_ws.l(fdiv.o)
    0x08004168   0x08004168   0x00000068   Code   RO         1131    x$fpl$feqf          fz_ws.l(feqf.o)
    0x080041d0   0x080041d0   0x0000003e   Code   RO         1101    x$fpl$ffixu         fz_ws.l(ffixu.o)
    0x0800420e   0x0800420e   0x00000002   PAD
    0x08004210   0x08004210   0x00000026   Code   RO         1105    x$fpl$ffltu         fz_ws.l(fflt_clz.o)
    0x08004236   0x08004236   0x00000002   PAD
    0x08004238   0x08004238   0x00000068   Code   RO         1133    x$fpl$fgeqf         fz_ws.l(fgeqf.o)
    0x080042a0   0x080042a0   0x00000068   Code   RO         1135    x$fpl$fleqf         fz_ws.l(fleqf.o)
    0x08004308   0x08004308   0x00000102   Code   RO         1111    x$fpl$fmul          fz_ws.l(fmul.o)
    0x0800440a   0x0800440a   0x0000008c   Code   RO         1137    x$fpl$fnaninf       fz_ws.l(fnaninf.o)
    0x08004496   0x08004496   0x0000000a   Code   RO         1139    x$fpl$fretinf       fz_ws.l(fretinf.o)
    0x080044a0   0x080044a0   0x00000110   Code   RO         1141    x$fpl$fsqrt         fz_ws.l(fsqrt.o)
    0x080045b0   0x080045b0   0x000000ea   Code   RO         1091    x$fpl$fsub          fz_ws.l(faddsub_clz.o)
    0x0800469a   0x0800469a   0x00000000   Code   RO         1143    x$fpl$usenofp       fz_ws.l(usenofp.o)
    0x0800469a   0x0800469a   0x00000010   Data   RO          120    .rodata.AHBPrescTable  system_stm32f1xx.o
    0x080046aa   0x080046aa   0x00000008   Data   RO          121    .rodata.APBPrescTable  system_stm32f1xx.o
    0x080046b2   0x080046b2   0x00000002   Data   RO          329    .rodata.HAL_RCC_GetSysClockFreq.aPredivFactorTable  stm32f1xx_hal_rcc.o
    0x080046b4   0x080046b4   0x00000010   Data   RO          328    .rodata.cst16       stm32f1xx_hal_rcc.o
    0x080046c4   0x080046c4   0x0000000a   Data   RO           46    .rodata.str1.1      main.o
    0x080046ce   0x080046ce   0x00000002   PAD
    0x080046d0   0x080046d0   0x00000020   Data   RO         1314    Region$$Table       anon$$obj.o


    Execution Region RW_IRAM1 (Exec base: 0x20000000, Load base: 0x080046f0, Size: 0x00000818, Max: 0x00005000, ABSOLUTE)

    Exec Addr    Load Addr    Size         Type   Attr      Idx    E Section Name        Object

    0x20000000   0x080046f0   0x00000008   Data   RW          291    .data..L_MergedGlobals  stm32f1xx_hal.o
    0x20000008   0x080046f8   0x00000004   Data   RW          119    .data.SystemCoreClock  system_stm32f1xx.o
    0x2000000c   0x080046fc   0x00000004   PAD
    0x20000010        -       0x00000060   Zero   RW         1169    .bss                c_w.l(libspace.o)
    0x20000070        -       0x00000074   Zero   RW           53    .bss..L_MergedGlobals  main.o
    0x200000e4        -       0x00000054   Zero   RW           48    .bss.hi2c1          main.o
    0x20000138        -       0x00000048   Zero   RW           44    .bss.htim2          main.o
    0x20000180        -       0x00000048   Zero   RW           43    .bss.htim3          main.o
    0x200001c8        -       0x00000048   Zero   RW           45    .bss.htim4          main.o
    0x20000210        -       0x00000004   Zero   RW          290    .bss.uwTick         stm32f1xx_hal.o
    0x20000214   0x080046fc   0x00000004   PAD
    0x20000218        -       0x00000200   Zero   RW            2    HEAP                startup_stm32f103xb.o
    0x20000418        -       0x00000400   Zero   RW            1    STACK               startup_stm32f103xb.o


==============================================================================

Image component sizes


      Code (inc. data)   RO Data    RW Data    ZI Data      Debug   Object Name

       546          0          0          0          0       5038   i2c-lcd.o
      2860         44         10          0        416      15329   main.o
        64         26        236          0       1536        948   startup_stm32f103xb.o
       188          0          0          8          4       6214   stm32f1xx_hal.o
      1796          0          0          0          0      13929   stm32f1xx_hal_adc.o
       162          0          0          0          0       8813   stm32f1xx_hal_cortex.o
       546         22          0          0          0       5155   stm32f1xx_hal_gpio.o
      1876          0          0          0          0      45507   stm32f1xx_hal_i2c.o
       700          0          0          0          0       9176   stm32f1xx_hal_msp.o
      1542          0         18          0          0       8466   stm32f1xx_hal_rcc.o
       506         20          0          0          0       4070   stm32f1xx_hal_rcc_ex.o
      1650          6          0          0          0      58970   stm32f1xx_hal_tim.o
       126          0          0          0          0      21611   stm32f1xx_hal_tim_ex.o
        20          0          0          0          0       1360   stm32f1xx_it.o
         2          0         24          4          0       1809   system_stm32f1xx.o

    ----------------------------------------------------------------------
     12664        118        322         12       1964     206395   Object Totals
         0          0         32          0          0          0   (incl. Generated)
        80          0          2          0          8          0   (incl. Padding)

    ----------------------------------------------------------------------

      Code (inc. data)   RO Data    RW Data    ZI Data      Debug   Library Member Name

         8          0          0          0          0         68   __main.o
       104          0          0          0          0         84   __printf.o
         0          0          0          0          0          0   __rtentry.o
        12          0          0          0          0          0   __rtentry2.o
         6          0          0          0          0          0   __rtentry4.o
        94          8          0          0          0          0   __scatter.o
        26          0          0          0          0          0   __scatter_copy.o
        28          0          0          0          0          0   __scatter_zi.o
        48          6          0          0          0         96   _printf_char_common.o
         6          0          0          0          0          0   _printf_d.o
       120         16          0          0          0         92   _printf_dec.o
       178          0          0          0          0         88   _printf_intcommon.o
         0          0          0          0          0          0   _printf_percent.o
         4          0          0          0          0          0   _printf_percent_end.o
        22          0          0          0          0        100   _rserrno.o
        10          0          0          0          0         68   _sputc.o
        18          0          0          0          0         80   exit.o
         6          0          0          0          0        152   heapauxi.o
         0          0          0          0          0          0   indicate_semi.o
         2          0          0          0          0          0   libinit.o
         2          0          0          0          0          0   libinit2.o
         2          0          0          0          0          0   libshutdown.o
         2          0          0          0          0          0   libshutdown2.o
         8          4          0          0         96         68   libspace.o
        40          6          0          0          0         84   noretval__2sprintf.o
         8          4          0          0          0         68   rt_errno_addr_intlibspace.o
         2          0          0          0          0          0   rtexit.o
        10          0          0          0          0          0   rtexit2.o
        12          4          0          0          0         68   sys_exit.o
        74          0          0          0          0         80   sys_stackheap_outer.o
         2          0          0          0          0         68   use_no_semi.o
        98          4          0          0          0         92   d2f.o
       812         16          0          0          0        296   daddsub_clz.o
       696        140          0          0          0        216   ddiv.o
        38          0          0          0          0         68   dflt_clz.o
       340         12          0          0          0        104   dmul.o
       156          4          0          0          0         92   dnaninf.o
        12          0          0          0          0         68   dretinf.o
        86          4          0          0          0         84   f2d.o
       430          8          0          0          0        168   faddsub_clz.o
        84          0          0          0          0        196   fcmp.o
        24          0          0          0          0         68   fcmpi.o
       388         76          0          0          0         96   fdiv.o
       104          4          0          0          0         84   feqf.o
        62          4          0          0          0         84   ffixu.o
        38          0          0          0          0         68   fflt_clz.o
       104          4          0          0          0         84   fgeqf.o
       104          4          0          0          0         84   fleqf.o
       258          4          0          0          0         84   fmul.o
       140          4          0          0          0         84   fnaninf.o
        10          0          0          0          0         68   fretinf.o
       272        100          0          0          0         88   fsqrt.o
         0          0          0          0          0          0   usenofp.o
        44          0          0          0          0         80   sqrtf.o

    ----------------------------------------------------------------------
      5174        436          0          0         96       3620   Library Totals
        20          0          0          0          0          0   (incl. Padding)

    ----------------------------------------------------------------------

      Code (inc. data)   RO Data    RW Data    ZI Data      Debug   Library Name

       854         48          0          0         96       1264   c_w.l
      4256        388          0          0          0       2276   fz_ws.l
        44          0          0          0          0         80   m_ws.l

    ----------------------------------------------------------------------
      5174        436          0          0         96       3620   Library Totals

    ----------------------------------------------------------------------

==============================================================================


      Code (inc. data)   RO Data    RW Data    ZI Data      Debug   

     17838        554        322         12       2060     208051   Grand Totals
     17838        554        322         12       2060     208051   ELF Image Totals
     17838        554        322         12          0          0   ROM Totals

==============================================================================

    Total RO  Size (Code + RO Data)                18160 (  17.73kB)
    Total RW  Size (RW Data + ZI Data)              2072 (   2.02kB)
    Total ROM Size (Code + RO Data + RW Data)      18172 (  17.75kB)

==============================================================================

